[0.828s] Invoking command in '/home/gargi-das/Documents/robotics_playground/ros2_ws/src/planar_2r_trajectory': DEBUGINFOD_URLS=https://debuginfod.ubuntu.com PYTHONPATH=/home/gargi-das/Documents/robotics_playground/ros2_ws/build/planar_2r_trajectory/prefix_override:/usr/lib/python3/dist-packages/colcon_core/task/python/colcon_distutils_commands:/home/gargi-das/Documents/robotics_playground/ros2_ws/install/planar_2r_trajectory/lib/python3.12/site-packages:${PYTHONPATH} /usr/bin/python3 -W ignore:setup.py install is deprecated -W ignore:easy_install command is deprecated setup.py egg_info --egg-base ../../build/planar_2r_trajectory build --build-base /home/gargi-das/Documents/robotics_playground/ros2_ws/build/planar_2r_trajectory/build install --record /home/gargi-das/Documents/robotics_playground/ros2_ws/build/planar_2r_trajectory/install.log --install-scripts $base/lib/planar_2r_trajectory --single-version-externally-managed install_data
[1.015s] running egg_info
[1.028s] writing ../../build/planar_2r_trajectory/planar_2r_trajectory.egg-info/PKG-INFO
[1.028s] writing dependency_links to ../../build/planar_2r_trajectory/planar_2r_trajectory.egg-info/dependency_links.txt
[1.028s] writing entry points to ../../build/planar_2r_trajectory/planar_2r_trajectory.egg-info/entry_points.txt
[1.028s] writing requirements to ../../build/planar_2r_trajectory/planar_2r_trajectory.egg-info/requires.txt
[1.028s] writing top-level names to ../../build/planar_2r_trajectory/planar_2r_trajectory.egg-info/top_level.txt
[1.054s] reading manifest file '../../build/planar_2r_trajectory/planar_2r_trajectory.egg-info/SOURCES.txt'
[1.055s] writing manifest file '../../build/planar_2r_trajectory/planar_2r_trajectory.egg-info/SOURCES.txt'
[1.055s] running build
[1.055s] running build_py
[1.055s] running install
[1.060s] running install_lib
[1.074s] running install_data
[1.074s] running install_egg_info
[1.088s] removing '/home/gargi-das/Documents/robotics_playground/ros2_ws/install/planar_2r_trajectory/lib/python3.12/site-packages/planar_2r_trajectory-0.0.0-py3.12.egg-info' (and everything under it)
[1.088s] Copying ../../build/planar_2r_trajectory/planar_2r_trajectory.egg-info to /home/gargi-das/Documents/robotics_playground/ros2_ws/install/planar_2r_trajectory/lib/python3.12/site-packages/planar_2r_trajectory-0.0.0-py3.12.egg-info
[1.089s] running install_scripts
[1.179s] Installing cartesian_trajectory script to /home/gargi-das/Documents/robotics_playground/ros2_ws/install/planar_2r_trajectory/lib/planar_2r_trajectory
[1.180s] writing list of installed files to '/home/gargi-das/Documents/robotics_playground/ros2_ws/build/planar_2r_trajectory/install.log'
[1.217s] Invoked command in '/home/gargi-das/Documents/robotics_playground/ros2_ws/src/planar_2r_trajectory' returned '0': DEBUGINFOD_URLS=https://debuginfod.ubuntu.com PYTHONPATH=/home/gargi-das/Documents/robotics_playground/ros2_ws/build/planar_2r_trajectory/prefix_override:/usr/lib/python3/dist-packages/colcon_core/task/python/colcon_distutils_commands:/home/gargi-das/Documents/robotics_playground/ros2_ws/install/planar_2r_trajectory/lib/python3.12/site-packages:${PYTHONPATH} /usr/bin/python3 -W ignore:setup.py install is deprecated -W ignore:easy_install command is deprecated setup.py egg_info --egg-base ../../build/planar_2r_trajectory build --build-base /home/gargi-das/Documents/robotics_playground/ros2_ws/build/planar_2r_trajectory/build install --record /home/gargi-das/Documents/robotics_playground/ros2_ws/build/planar_2r_trajectory/install.log --install-scripts $base/lib/planar_2r_trajectory --single-version-externally-managed install_data
