running egg_info
writing ../../build/planar_2r_kinematics/planar_2r_kinematics.egg-info/PKG-INFO
writing dependency_links to ../../build/planar_2r_kinematics/planar_2r_kinematics.egg-info/dependency_links.txt
writing entry points to ../../build/planar_2r_kinematics/planar_2r_kinematics.egg-info/entry_points.txt
writing requirements to ../../build/planar_2r_kinematics/planar_2r_kinematics.egg-info/requires.txt
writing top-level names to ../../build/planar_2r_kinematics/planar_2r_kinematics.egg-info/top_level.txt
reading manifest file '../../build/planar_2r_kinematics/planar_2r_kinematics.egg-info/SOURCES.txt'
writing manifest file '../../build/planar_2r_kinematics/planar_2r_kinematics.egg-info/SOURCES.txt'
running build
running build_py
copying planar_2r_kinematics/forward_kinematics_node.py -> /home/gargi-das/Documents/robotics_playground/ros2_ws/build/planar_2r_kinematics/build/lib/planar_2r_kinematics
running install
running install_lib
copying /home/gargi-das/Documents/robotics_playground/ros2_ws/build/planar_2r_kinematics/build/lib/planar_2r_kinematics/forward_kinematics_node.py -> /home/gargi-das/Documents/robotics_playground/ros2_ws/install/planar_2r_kinematics/lib/python3.12/site-packages/planar_2r_kinematics
byte-compiling /home/gargi-das/Documents/robotics_playground/ros2_ws/install/planar_2r_kinematics/lib/python3.12/site-packages/planar_2r_kinematics/forward_kinematics_node.py to forward_kinematics_node.cpython-312.pyc
running install_data
running install_egg_info
removing '/home/gargi-das/Documents/robotics_playground/ros2_ws/install/planar_2r_kinematics/lib/python3.12/site-packages/planar_2r_kinematics-0.0.0-py3.12.egg-info' (and everything under it)
Copying ../../build/planar_2r_kinematics/planar_2r_kinematics.egg-info to /home/gargi-das/Documents/robotics_playground/ros2_ws/install/planar_2r_kinematics/lib/python3.12/site-packages/planar_2r_kinematics-0.0.0-py3.12.egg-info
running install_scripts
Installing forward_kinematics script to /home/gargi-das/Documents/robotics_playground/ros2_ws/install/planar_2r_kinematics/lib/planar_2r_kinematics
writing list of installed files to '/home/gargi-das/Documents/robotics_playground/ros2_ws/build/planar_2r_kinematics/install.log'
