[0.007s] Invoking command in '/home/gargi-das/Documents/robotics_playground/ros2_ws/build/simple_robot_description': CMAKE_PREFIX_PATH=${CMAKE_PREFIX_PATH}:/opt/ros/jazzy DEBUGINFOD_URLS=https://debuginfod.ubuntu.com /usr/bin/cmake --build /home/gargi-das/Documents/robotics_playground/ros2_ws/build/simple_robot_description -- -j8 -l8
[0.034s] Invoked command in '/home/gargi-das/Documents/robotics_playground/ros2_ws/build/simple_robot_description' returned '0': CMAKE_PREFIX_PATH=${CMAKE_PREFIX_PATH}:/opt/ros/jazzy DEBUGINFOD_URLS=https://debuginfod.ubuntu.com /usr/bin/cmake --build /home/gargi-das/Documents/robotics_playground/ros2_ws/build/simple_robot_description -- -j8 -l8
[0.041s] Invoking command in '/home/gargi-das/Documents/robotics_playground/ros2_ws/build/simple_robot_description': CMAKE_PREFIX_PATH=${CMAKE_PREFIX_PATH}:/opt/ros/jazzy DEBUGINFOD_URLS=https://debuginfod.ubuntu.com /usr/bin/cmake --install /home/gargi-das/Documents/robotics_playground/ros2_ws/build/simple_robot_description
[0.047s] -- Install configuration: ""
[0.047s] -- Up-to-date: /home/gargi-das/Documents/robotics_playground/ros2_ws/install/simple_robot_description/share/simple_robot_description/urdf
[0.047s] -- Up-to-date: /home/gargi-das/Documents/robotics_playground/ros2_ws/install/simple_robot_description/share/simple_robot_description/urdf/simple_robot.urdf
[0.047s] -- Up-to-date: /home/gargi-das/Documents/robotics_playground/ros2_ws/install/simple_robot_description/share/simple_robot_description/launch
[0.047s] -- Installing: /home/gargi-das/Documents/robotics_playground/ros2_ws/install/simple_robot_description/share/simple_robot_description/launch/display.launch.py
[0.047s] -- Up-to-date: /home/gargi-das/Documents/robotics_playground/ros2_ws/install/simple_robot_description/share/simple_robot_description/rviz
[0.047s] -- Up-to-date: /home/gargi-das/Documents/robotics_playground/ros2_ws/install/simple_robot_description/share/ament_index/resource_index/package_run_dependencies/simple_robot_description
[0.047s] -- Up-to-date: /home/gargi-das/Documents/robotics_playground/ros2_ws/install/simple_robot_description/share/ament_index/resource_index/parent_prefix_path/simple_robot_description
[0.047s] -- Up-to-date: /home/gargi-das/Documents/robotics_playground/ros2_ws/install/simple_robot_description/share/simple_robot_description/environment/ament_prefix_path.sh
[0.047s] -- Up-to-date: /home/gargi-das/Documents/robotics_playground/ros2_ws/install/simple_robot_description/share/simple_robot_description/environment/ament_prefix_path.dsv
[0.047s] -- Up-to-date: /home/gargi-das/Documents/robotics_playground/ros2_ws/install/simple_robot_description/share/simple_robot_description/environment/path.sh
[0.047s] -- Up-to-date: /home/gargi-das/Documents/robotics_playground/ros2_ws/install/simple_robot_description/share/simple_robot_description/environment/path.dsv
[0.047s] -- Up-to-date: /home/gargi-das/Documents/robotics_playground/ros2_ws/install/simple_robot_description/share/simple_robot_description/local_setup.bash
[0.047s] -- Up-to-date: /home/gargi-das/Documents/robotics_playground/ros2_ws/install/simple_robot_description/share/simple_robot_description/local_setup.sh
[0.047s] -- Up-to-date: /home/gargi-das/Documents/robotics_playground/ros2_ws/install/simple_robot_description/share/simple_robot_description/local_setup.zsh
[0.047s] -- Up-to-date: /home/gargi-das/Documents/robotics_playground/ros2_ws/install/simple_robot_description/share/simple_robot_description/local_setup.dsv
[0.047s] -- Up-to-date: /home/gargi-das/Documents/robotics_playground/ros2_ws/install/simple_robot_description/share/simple_robot_description/package.dsv
[0.048s] -- Up-to-date: /home/gargi-das/Documents/robotics_playground/ros2_ws/install/simple_robot_description/share/ament_index/resource_index/packages/simple_robot_description
[0.048s] -- Up-to-date: /home/gargi-das/Documents/robotics_playground/ros2_ws/install/simple_robot_description/share/simple_robot_description/cmake/simple_robot_descriptionConfig.cmake
[0.048s] -- Up-to-date: /home/gargi-das/Documents/robotics_playground/ros2_ws/install/simple_robot_description/share/simple_robot_description/cmake/simple_robot_descriptionConfig-version.cmake
[0.048s] -- Up-to-date: /home/gargi-das/Documents/robotics_playground/ros2_ws/install/simple_robot_description/share/simple_robot_description/package.xml
[0.048s] Invoked command in '/home/gargi-das/Documents/robotics_playground/ros2_ws/build/simple_robot_description' returned '0': CMAKE_PREFIX_PATH=${CMAKE_PREFIX_PATH}:/opt/ros/jazzy DEBUGINFOD_URLS=https://debuginfod.ubuntu.com /usr/bin/cmake --install /home/gargi-das/Documents/robotics_playground/ros2_ws/build/simple_robot_description
