-- Install configuration: ""
-- Up-to-date: /home/gargi-das/Documents/robotics_playground/ros2_ws/install/planar_2r_description/share/planar_2r_description/launch
-- Up-to-date: /home/gargi-das/Documents/robotics_playground/ros2_ws/install/planar_2r_description/share/planar_2r_description/launch/display.launch.py
-- Up-to-date: /home/gargi-das/Documents/robotics_playground/ros2_ws/install/planar_2r_description/share/planar_2r_description/rviz
-- Up-to-date: /home/gargi-das/Documents/robotics_playground/ros2_ws/install/planar_2r_description/share/planar_2r_description/urdf
-- Installing: /home/gargi-das/Documents/robotics_playground/ros2_ws/install/planar_2r_description/share/planar_2r_description/urdf/joints.xacro
-- Up-to-date: /home/gargi-das/Documents/robotics_playground/ros2_ws/install/planar_2r_description/share/planar_2r_description/urdf/planar_2r.urdf.xacro
-- Up-to-date: /home/gargi-das/Documents/robotics_playground/ros2_ws/install/planar_2r_description/share/planar_2r_description/urdf/properties.xacro
-- Up-to-date: /home/gargi-das/Documents/robotics_playground/ros2_ws/install/planar_2r_description/share/planar_2r_description/urdf/materials.xacro
-- Installing: /home/gargi-das/Documents/robotics_playground/ros2_ws/install/planar_2r_description/share/planar_2r_description/urdf/links.xacro
-- Up-to-date: /home/gargi-das/Documents/robotics_playground/ros2_ws/install/planar_2r_description/share/planar_2r_description/meshes
-- Up-to-date: /home/gargi-das/Documents/robotics_playground/ros2_ws/install/planar_2r_description/share/ament_index/resource_index/package_run_dependencies/planar_2r_description
-- Up-to-date: /home/gargi-das/Documents/robotics_playground/ros2_ws/install/planar_2r_description/share/ament_index/resource_index/parent_prefix_path/planar_2r_description
-- Up-to-date: /home/gargi-das/Documents/robotics_playground/ros2_ws/install/planar_2r_description/share/planar_2r_description/environment/ament_prefix_path.sh
-- Up-to-date: /home/gargi-das/Documents/robotics_playground/ros2_ws/install/planar_2r_description/share/planar_2r_description/environment/ament_prefix_path.dsv
-- Up-to-date: /home/gargi-das/Documents/robotics_playground/ros2_ws/install/planar_2r_description/share/planar_2r_description/environment/path.sh
-- Up-to-date: /home/gargi-das/Documents/robotics_playground/ros2_ws/install/planar_2r_description/share/planar_2r_description/environment/path.dsv
-- Up-to-date: /home/gargi-das/Documents/robotics_playground/ros2_ws/install/planar_2r_description/share/planar_2r_description/local_setup.bash
-- Up-to-date: /home/gargi-das/Documents/robotics_playground/ros2_ws/install/planar_2r_description/share/planar_2r_description/local_setup.sh
-- Up-to-date: /home/gargi-das/Documents/robotics_playground/ros2_ws/install/planar_2r_description/share/planar_2r_description/local_setup.zsh
-- Up-to-date: /home/gargi-das/Documents/robotics_playground/ros2_ws/install/planar_2r_description/share/planar_2r_description/local_setup.dsv
-- Installing: /home/gargi-das/Documents/robotics_playground/ros2_ws/install/planar_2r_description/share/planar_2r_description/package.dsv
-- Up-to-date: /home/gargi-das/Documents/robotics_playground/ros2_ws/install/planar_2r_description/share/ament_index/resource_index/packages/planar_2r_description
-- Up-to-date: /home/gargi-das/Documents/robotics_playground/ros2_ws/install/planar_2r_description/share/planar_2r_description/cmake/planar_2r_descriptionConfig.cmake
-- Up-to-date: /home/gargi-das/Documents/robotics_playground/ros2_ws/install/planar_2r_description/share/planar_2r_description/cmake/planar_2r_descriptionConfig-version.cmake
-- Up-to-date: /home/gargi-das/Documents/robotics_playground/ros2_ws/install/planar_2r_description/share/planar_2r_description/package.xml
