[0.074s] DEBUG:colcon:Command line arguments: ['/usr/bin/colcon', 'build', '--packages-select', 'planar_2r_trajectory']
[0.074s] DEBUG:colcon:Parsed command line arguments: Namespace(log_base=None, log_level=None, verb_name='build', build_base='build', install_base='install', merge_install=False, symlink_install=False, test_result_base=None, continue_on_error=False, executor='parallel', parallel_workers=8, event_handlers=None, ignore_user_meta=False, metas=['./colcon.meta'], base_paths=['.'], packages_ignore=None, packages_ignore_regex=None, paths=None, packages_up_to=None, packages_up_to_regex=None, packages_above=None, packages_above_and_dependencies=None, packages_above_depth=None, packages_select_by_dep=None, packages_skip_by_dep=None, packages_skip_up_to=None, packages_select_build_failed=False, packages_skip_build_finished=False, packages_select_test_failures=False, packages_skip_test_passed=False, packages_select=['planar_2r_trajectory'], packages_skip=None, packages_select_regex=None, packages_skip_regex=None, packages_start=None, packages_end=None, allow_overriding=[], cmake_args=None, cmake_target=None, cmake_target_skip_unavailable=False, cmake_clean_cache=False, cmake_clean_first=False, cmake_force_configure=False, ament_cmake_args=None, catkin_cmake_args=None, catkin_skip_building_tests=False, verb_parser=<colcon_defaults.argument_parser.defaults.DefaultArgumentsDecorator object at 0x70558c2f7a10>, verb_extension=<colcon_core.verb.build.BuildVerb object at 0x70558c4efaa0>, main=<bound method BuildVerb.main of <colcon_core.verb.build.BuildVerb object at 0x70558c4efaa0>>)
[0.103s] Level 1:colcon.colcon_core.package_discovery:discover_packages(colcon_meta) check parameters
[0.104s] Level 1:colcon.colcon_core.package_discovery:discover_packages(recursive) check parameters
[0.104s] Level 1:colcon.colcon_core.package_discovery:discover_packages(ignore) check parameters
[0.104s] Level 1:colcon.colcon_core.package_discovery:discover_packages(path) check parameters
[0.104s] Level 1:colcon.colcon_core.package_discovery:discover_packages(colcon_meta) discover
[0.104s] Level 1:colcon.colcon_core.package_discovery:discover_packages(recursive) discover
[0.104s] INFO:colcon.colcon_core.package_discovery:Crawling recursively for packages in '/home/gargi-das/Documents/robotics_playground/ros2_ws'
[0.104s] Level 1:colcon.colcon_core.package_identification:_identify(.) by extensions ['ignore', 'ignore_ament_install']
[0.104s] Level 1:colcon.colcon_core.package_identification:_identify(.) by extension 'ignore'
[0.104s] Level 1:colcon.colcon_core.package_identification:_identify(.) by extension 'ignore_ament_install'
[0.104s] Level 1:colcon.colcon_core.package_identification:_identify(.) by extensions ['colcon_pkg']
[0.104s] Level 1:colcon.colcon_core.package_identification:_identify(.) by extension 'colcon_pkg'
[0.104s] Level 1:colcon.colcon_core.package_identification:_identify(.) by extensions ['colcon_meta']
[0.104s] Level 1:colcon.colcon_core.package_identification:_identify(.) by extension 'colcon_meta'
[0.104s] Level 1:colcon.colcon_core.package_identification:_identify(.) by extensions ['ros']
[0.104s] Level 1:colcon.colcon_core.package_identification:_identify(.) by extension 'ros'
[0.123s] Level 1:colcon.colcon_core.package_identification:_identify(.) by extensions ['cmake', 'python']
[0.123s] Level 1:colcon.colcon_core.package_identification:_identify(.) by extension 'cmake'
[0.123s] Level 1:colcon.colcon_core.package_identification:_identify(.) by extension 'python'
[0.123s] Level 1:colcon.colcon_core.package_identification:_identify(.) by extensions ['python_setup_py']
[0.123s] Level 1:colcon.colcon_core.package_identification:_identify(.) by extension 'python_setup_py'
[0.123s] Level 1:colcon.colcon_core.package_identification:_identify(build) by extensions ['ignore', 'ignore_ament_install']
[0.123s] Level 1:colcon.colcon_core.package_identification:_identify(build) by extension 'ignore'
[0.123s] Level 1:colcon.colcon_core.package_identification:_identify(build) ignored
[0.124s] Level 1:colcon.colcon_core.package_identification:_identify(install) by extensions ['ignore', 'ignore_ament_install']
[0.124s] Level 1:colcon.colcon_core.package_identification:_identify(install) by extension 'ignore'
[0.124s] Level 1:colcon.colcon_core.package_identification:_identify(install) ignored
[0.124s] Level 1:colcon.colcon_core.package_identification:_identify(log) by extensions ['ignore', 'ignore_ament_install']
[0.124s] Level 1:colcon.colcon_core.package_identification:_identify(log) by extension 'ignore'
[0.124s] Level 1:colcon.colcon_core.package_identification:_identify(log) ignored
[0.124s] Level 1:colcon.colcon_core.package_identification:_identify(src) by extensions ['ignore', 'ignore_ament_install']
[0.124s] Level 1:colcon.colcon_core.package_identification:_identify(src) by extension 'ignore'
[0.124s] Level 1:colcon.colcon_core.package_identification:_identify(src) by extension 'ignore_ament_install'
[0.124s] Level 1:colcon.colcon_core.package_identification:_identify(src) by extensions ['colcon_pkg']
[0.124s] Level 1:colcon.colcon_core.package_identification:_identify(src) by extension 'colcon_pkg'
[0.124s] Level 1:colcon.colcon_core.package_identification:_identify(src) by extensions ['colcon_meta']
[0.124s] Level 1:colcon.colcon_core.package_identification:_identify(src) by extension 'colcon_meta'
[0.124s] Level 1:colcon.colcon_core.package_identification:_identify(src) by extensions ['ros']
[0.124s] Level 1:colcon.colcon_core.package_identification:_identify(src) by extension 'ros'
[0.124s] Level 1:colcon.colcon_core.package_identification:_identify(src) by extensions ['cmake', 'python']
[0.124s] Level 1:colcon.colcon_core.package_identification:_identify(src) by extension 'cmake'
[0.124s] Level 1:colcon.colcon_core.package_identification:_identify(src) by extension 'python'
[0.124s] Level 1:colcon.colcon_core.package_identification:_identify(src) by extensions ['python_setup_py']
[0.124s] Level 1:colcon.colcon_core.package_identification:_identify(src) by extension 'python_setup_py'
[0.124s] Level 1:colcon.colcon_core.package_identification:_identify(src/planar_2r_description) by extensions ['ignore', 'ignore_ament_install']
[0.124s] Level 1:colcon.colcon_core.package_identification:_identify(src/planar_2r_description) by extension 'ignore'
[0.124s] Level 1:colcon.colcon_core.package_identification:_identify(src/planar_2r_description) by extension 'ignore_ament_install'
[0.124s] Level 1:colcon.colcon_core.package_identification:_identify(src/planar_2r_description) by extensions ['colcon_pkg']
[0.124s] Level 1:colcon.colcon_core.package_identification:_identify(src/planar_2r_description) by extension 'colcon_pkg'
[0.124s] Level 1:colcon.colcon_core.package_identification:_identify(src/planar_2r_description) by extensions ['colcon_meta']
[0.124s] Level 1:colcon.colcon_core.package_identification:_identify(src/planar_2r_description) by extension 'colcon_meta'
[0.124s] Level 1:colcon.colcon_core.package_identification:_identify(src/planar_2r_description) by extensions ['ros']
[0.124s] Level 1:colcon.colcon_core.package_identification:_identify(src/planar_2r_description) by extension 'ros'
[0.127s] DEBUG:colcon.colcon_core.package_identification:Package 'src/planar_2r_description' with type 'ros.ament_cmake' and name 'planar_2r_description'
[0.127s] Level 1:colcon.colcon_core.package_identification:_identify(src/planar_2r_kinematics) by extensions ['ignore', 'ignore_ament_install']
[0.127s] Level 1:colcon.colcon_core.package_identification:_identify(src/planar_2r_kinematics) by extension 'ignore'
[0.127s] Level 1:colcon.colcon_core.package_identification:_identify(src/planar_2r_kinematics) by extension 'ignore_ament_install'
[0.127s] Level 1:colcon.colcon_core.package_identification:_identify(src/planar_2r_kinematics) by extensions ['colcon_pkg']
[0.127s] Level 1:colcon.colcon_core.package_identification:_identify(src/planar_2r_kinematics) by extension 'colcon_pkg'
[0.127s] Level 1:colcon.colcon_core.package_identification:_identify(src/planar_2r_kinematics) by extensions ['colcon_meta']
[0.127s] Level 1:colcon.colcon_core.package_identification:_identify(src/planar_2r_kinematics) by extension 'colcon_meta'
[0.127s] Level 1:colcon.colcon_core.package_identification:_identify(src/planar_2r_kinematics) by extensions ['ros']
[0.127s] Level 1:colcon.colcon_core.package_identification:_identify(src/planar_2r_kinematics) by extension 'ros'
[0.127s] DEBUG:colcon.colcon_core.package_identification:Package 'src/planar_2r_kinematics' with type 'ros.ament_python' and name 'planar_2r_kinematics'
[0.127s] Level 1:colcon.colcon_core.package_identification:_identify(src/planar_2r_trajectory) by extensions ['ignore', 'ignore_ament_install']
[0.127s] Level 1:colcon.colcon_core.package_identification:_identify(src/planar_2r_trajectory) by extension 'ignore'
[0.127s] Level 1:colcon.colcon_core.package_identification:_identify(src/planar_2r_trajectory) by extension 'ignore_ament_install'
[0.127s] Level 1:colcon.colcon_core.package_identification:_identify(src/planar_2r_trajectory) by extensions ['colcon_pkg']
[0.127s] Level 1:colcon.colcon_core.package_identification:_identify(src/planar_2r_trajectory) by extension 'colcon_pkg'
[0.127s] Level 1:colcon.colcon_core.package_identification:_identify(src/planar_2r_trajectory) by extensions ['colcon_meta']
[0.127s] Level 1:colcon.colcon_core.package_identification:_identify(src/planar_2r_trajectory) by extension 'colcon_meta'
[0.128s] Level 1:colcon.colcon_core.package_identification:_identify(src/planar_2r_trajectory) by extensions ['ros']
[0.128s] Level 1:colcon.colcon_core.package_identification:_identify(src/planar_2r_trajectory) by extension 'ros'
[0.128s] DEBUG:colcon.colcon_core.package_identification:Package 'src/planar_2r_trajectory' with type 'ros.ament_python' and name 'planar_2r_trajectory'
[0.128s] Level 1:colcon.colcon_core.package_discovery:discover_packages(recursive) using defaults
[0.128s] Level 1:colcon.colcon_core.package_discovery:discover_packages(ignore) discover
[0.128s] Level 1:colcon.colcon_core.package_discovery:discover_packages(ignore) using defaults
[0.128s] Level 1:colcon.colcon_core.package_discovery:discover_packages(path) discover
[0.128s] Level 1:colcon.colcon_core.package_discovery:discover_packages(path) using defaults
[0.142s] INFO:colcon.colcon_core.package_selection:Skipping not selected package 'planar_2r_description' in 'src/planar_2r_description'
[0.142s] INFO:colcon.colcon_core.package_selection:Skipping not selected package 'planar_2r_kinematics' in 'src/planar_2r_kinematics'
[0.142s] Level 1:colcon.colcon_core.package_discovery:discover_packages(prefix_path) check parameters
[0.142s] Level 1:colcon.colcon_core.package_discovery:discover_packages(prefix_path) discover
[0.144s] DEBUG:colcon.colcon_installed_package_information.package_discovery:Found 292 installed packages in /opt/ros/jazzy
[0.144s] Level 1:colcon.colcon_core.package_discovery:discover_packages(prefix_path) using defaults
[0.174s] Level 5:colcon.colcon_core.verb:set package 'planar_2r_trajectory' build argument 'cmake_args' from command line to 'None'
[0.174s] Level 5:colcon.colcon_core.verb:set package 'planar_2r_trajectory' build argument 'cmake_target' from command line to 'None'
[0.174s] Level 5:colcon.colcon_core.verb:set package 'planar_2r_trajectory' build argument 'cmake_target_skip_unavailable' from command line to 'False'
[0.174s] Level 5:colcon.colcon_core.verb:set package 'planar_2r_trajectory' build argument 'cmake_clean_cache' from command line to 'False'
[0.174s] Level 5:colcon.colcon_core.verb:set package 'planar_2r_trajectory' build argument 'cmake_clean_first' from command line to 'False'
[0.174s] Level 5:colcon.colcon_core.verb:set package 'planar_2r_trajectory' build argument 'cmake_force_configure' from command line to 'False'
[0.174s] Level 5:colcon.colcon_core.verb:set package 'planar_2r_trajectory' build argument 'ament_cmake_args' from command line to 'None'
[0.174s] Level 5:colcon.colcon_core.verb:set package 'planar_2r_trajectory' build argument 'catkin_cmake_args' from command line to 'None'
[0.174s] Level 5:colcon.colcon_core.verb:set package 'planar_2r_trajectory' build argument 'catkin_skip_building_tests' from command line to 'False'
[0.174s] DEBUG:colcon.colcon_core.verb:Building package 'planar_2r_trajectory' with the following arguments: {'ament_cmake_args': None, 'build_base': '/home/gargi-das/Documents/robotics_playground/ros2_ws/build/planar_2r_trajectory', 'catkin_cmake_args': None, 'catkin_skip_building_tests': False, 'cmake_args': None, 'cmake_clean_cache': False, 'cmake_clean_first': False, 'cmake_force_configure': False, 'cmake_target': None, 'cmake_target_skip_unavailable': False, 'install_base': '/home/gargi-das/Documents/robotics_playground/ros2_ws/install/planar_2r_trajectory', 'merge_install': False, 'path': '/home/gargi-das/Documents/robotics_playground/ros2_ws/src/planar_2r_trajectory', 'symlink_install': False, 'test_result_base': None}
[0.174s] INFO:colcon.colcon_core.executor:Executing jobs using 'parallel' executor
[0.175s] DEBUG:colcon.colcon_parallel_executor.executor.parallel:run_until_complete
[0.175s] INFO:colcon.colcon_ros.task.ament_python.build:Building ROS package in '/home/gargi-das/Documents/robotics_playground/ros2_ws/src/planar_2r_trajectory' with build type 'ament_python'
[0.175s] Level 1:colcon.colcon_core.shell:create_environment_hook('planar_2r_trajectory', 'ament_prefix_path')
[0.177s] INFO:colcon.colcon_core.plugin_system:Skipping extension 'colcon_core.shell.bat': Not used on non-Windows systems
[0.177s] INFO:colcon.colcon_core.shell:Creating environment hook '/home/gargi-das/Documents/robotics_playground/ros2_ws/install/planar_2r_trajectory/share/planar_2r_trajectory/hook/ament_prefix_path.ps1'
[0.178s] INFO:colcon.colcon_core.shell:Creating environment descriptor '/home/gargi-das/Documents/robotics_playground/ros2_ws/install/planar_2r_trajectory/share/planar_2r_trajectory/hook/ament_prefix_path.dsv'
[0.178s] INFO:colcon.colcon_core.shell:Creating environment hook '/home/gargi-das/Documents/robotics_playground/ros2_ws/install/planar_2r_trajectory/share/planar_2r_trajectory/hook/ament_prefix_path.sh'
[0.178s] INFO:colcon.colcon_core.shell:Skip shell extension 'powershell' for command environment: Not usable outside of PowerShell
[0.178s] DEBUG:colcon.colcon_core.shell:Skip shell extension 'dsv' for command environment
[0.334s] INFO:colcon.colcon_core.task.python.build:Building Python package in '/home/gargi-das/Documents/robotics_playground/ros2_ws/src/planar_2r_trajectory'
[0.334s] INFO:colcon.colcon_core.shell:Skip shell extension 'powershell' for command environment: Not usable outside of PowerShell
[0.334s] DEBUG:colcon.colcon_core.shell:Skip shell extension 'dsv' for command environment
[0.748s] DEBUG:colcon.colcon_core.task.python.build:Available setuptools commands: compile_catalog, update_catalog, dist_info, bdist_wheel, bdist_dumb, init_catalog, install, build_ext, sdist, egg_info, build_clib, symlink_data, develop, test, upload_docs, register, install_egg_info, upload, install_lib, build, install_headers, easy_install, extract_messages, bdist_egg, install_scripts, editable_wheel, saveopts, build_scripts, install_data, alias, build_py, bdist, bdist_rpm, rotate, clean, setopt, check
[0.750s] DEBUG:colcon.colcon_core.event_handler.log_command:Invoking command in '/home/gargi-das/Documents/robotics_playground/ros2_ws/src/planar_2r_trajectory': DEBUGINFOD_URLS=https://debuginfod.ubuntu.com PYTHONPATH=/home/gargi-das/Documents/robotics_playground/ros2_ws/build/planar_2r_trajectory/prefix_override:/usr/lib/python3/dist-packages/colcon_core/task/python/colcon_distutils_commands:/home/gargi-das/Documents/robotics_playground/ros2_ws/install/planar_2r_trajectory/lib/python3.12/site-packages:${PYTHONPATH} /usr/bin/python3 -W ignore:setup.py install is deprecated -W ignore:easy_install command is deprecated setup.py egg_info --egg-base ../../build/planar_2r_trajectory build --build-base /home/gargi-das/Documents/robotics_playground/ros2_ws/build/planar_2r_trajectory/build install --record /home/gargi-das/Documents/robotics_playground/ros2_ws/build/planar_2r_trajectory/install.log --install-scripts $base/lib/planar_2r_trajectory --single-version-externally-managed install_data
[1.132s] DEBUG:colcon.colcon_core.event_handler.log_command:Invoked command in '/home/gargi-das/Documents/robotics_playground/ros2_ws/src/planar_2r_trajectory' returned '0': DEBUGINFOD_URLS=https://debuginfod.ubuntu.com PYTHONPATH=/home/gargi-das/Documents/robotics_playground/ros2_ws/build/planar_2r_trajectory/prefix_override:/usr/lib/python3/dist-packages/colcon_core/task/python/colcon_distutils_commands:/home/gargi-das/Documents/robotics_playground/ros2_ws/install/planar_2r_trajectory/lib/python3.12/site-packages:${PYTHONPATH} /usr/bin/python3 -W ignore:setup.py install is deprecated -W ignore:easy_install command is deprecated setup.py egg_info --egg-base ../../build/planar_2r_trajectory build --build-base /home/gargi-das/Documents/robotics_playground/ros2_ws/build/planar_2r_trajectory/build install --record /home/gargi-das/Documents/robotics_playground/ros2_ws/build/planar_2r_trajectory/install.log --install-scripts $base/lib/planar_2r_trajectory --single-version-externally-managed install_data
[1.133s] Level 1:colcon.colcon_core.environment:checking '/home/gargi-das/Documents/robotics_playground/ros2_ws/install/planar_2r_trajectory' for CMake module files
[1.134s] Level 1:colcon.colcon_core.environment:checking '/home/gargi-das/Documents/robotics_playground/ros2_ws/install/planar_2r_trajectory' for CMake config files
[1.134s] Level 1:colcon.colcon_core.environment:checking '/home/gargi-das/Documents/robotics_playground/ros2_ws/install/planar_2r_trajectory/lib'
[1.134s] Level 1:colcon.colcon_core.environment:checking '/home/gargi-das/Documents/robotics_playground/ros2_ws/install/planar_2r_trajectory/bin'
[1.134s] Level 1:colcon.colcon_core.environment:checking '/home/gargi-das/Documents/robotics_playground/ros2_ws/install/planar_2r_trajectory/lib/pkgconfig/planar_2r_trajectory.pc'
[1.134s] Level 1:colcon.colcon_core.environment:checking '/home/gargi-das/Documents/robotics_playground/ros2_ws/install/planar_2r_trajectory/lib/python3.12/site-packages'
[1.134s] Level 1:colcon.colcon_core.shell:create_environment_hook('planar_2r_trajectory', 'pythonpath')
[1.134s] INFO:colcon.colcon_core.shell:Creating environment hook '/home/gargi-das/Documents/robotics_playground/ros2_ws/install/planar_2r_trajectory/share/planar_2r_trajectory/hook/pythonpath.ps1'
[1.135s] INFO:colcon.colcon_core.shell:Creating environment descriptor '/home/gargi-das/Documents/robotics_playground/ros2_ws/install/planar_2r_trajectory/share/planar_2r_trajectory/hook/pythonpath.dsv'
[1.135s] INFO:colcon.colcon_core.shell:Creating environment hook '/home/gargi-das/Documents/robotics_playground/ros2_ws/install/planar_2r_trajectory/share/planar_2r_trajectory/hook/pythonpath.sh'
[1.136s] Level 1:colcon.colcon_core.environment:checking '/home/gargi-das/Documents/robotics_playground/ros2_ws/install/planar_2r_trajectory/bin'
[1.136s] Level 1:colcon.colcon_core.environment:create_environment_scripts_only(planar_2r_trajectory)
[1.136s] INFO:colcon.colcon_core.shell:Creating package script '/home/gargi-das/Documents/robotics_playground/ros2_ws/install/planar_2r_trajectory/share/planar_2r_trajectory/package.ps1'
[1.137s] INFO:colcon.colcon_core.shell:Creating package descriptor '/home/gargi-das/Documents/robotics_playground/ros2_ws/install/planar_2r_trajectory/share/planar_2r_trajectory/package.dsv'
[1.137s] INFO:colcon.colcon_core.shell:Creating package script '/home/gargi-das/Documents/robotics_playground/ros2_ws/install/planar_2r_trajectory/share/planar_2r_trajectory/package.sh'
[1.138s] INFO:colcon.colcon_core.shell:Creating package script '/home/gargi-das/Documents/robotics_playground/ros2_ws/install/planar_2r_trajectory/share/planar_2r_trajectory/package.bash'
[1.138s] INFO:colcon.colcon_core.shell:Creating package script '/home/gargi-das/Documents/robotics_playground/ros2_ws/install/planar_2r_trajectory/share/planar_2r_trajectory/package.zsh'
[1.139s] Level 1:colcon.colcon_core.environment:create_file_with_runtime_dependencies(/home/gargi-das/Documents/robotics_playground/ros2_ws/install/planar_2r_trajectory/share/colcon-core/packages/planar_2r_trajectory)
[1.139s] DEBUG:colcon.colcon_parallel_executor.executor.parallel:closing loop
[1.139s] DEBUG:colcon.colcon_parallel_executor.executor.parallel:loop closed
[1.139s] DEBUG:colcon.colcon_parallel_executor.executor.parallel:run_until_complete finished with '0'
[1.139s] DEBUG:colcon.colcon_core.event_reactor:joining thread
[1.143s] INFO:colcon.colcon_core.plugin_system:Skipping extension 'colcon_notification.desktop_notification.terminal_notifier': Not used on non-Darwin systems
[1.144s] INFO:colcon.colcon_core.plugin_system:Skipping extension 'colcon_notification.desktop_notification.win32': Not used on non-Windows systems
[1.144s] INFO:colcon.colcon_notification.desktop_notification:Sending desktop notification using 'notify2'
[1.157s] DEBUG:colcon.colcon_core.event_reactor:joined thread
[1.158s] INFO:colcon.colcon_core.shell:Creating prefix script '/home/gargi-das/Documents/robotics_playground/ros2_ws/install/local_setup.ps1'
[1.159s] INFO:colcon.colcon_core.shell:Creating prefix util module '/home/gargi-das/Documents/robotics_playground/ros2_ws/install/_local_setup_util_ps1.py'
[1.160s] INFO:colcon.colcon_core.shell:Creating prefix chain script '/home/gargi-das/Documents/robotics_playground/ros2_ws/install/setup.ps1'
[1.162s] INFO:colcon.colcon_core.shell:Creating prefix script '/home/gargi-das/Documents/robotics_playground/ros2_ws/install/local_setup.sh'
[1.162s] INFO:colcon.colcon_core.shell:Creating prefix util module '/home/gargi-das/Documents/robotics_playground/ros2_ws/install/_local_setup_util_sh.py'
[1.163s] INFO:colcon.colcon_core.shell:Creating prefix chain script '/home/gargi-das/Documents/robotics_playground/ros2_ws/install/setup.sh'
[1.164s] INFO:colcon.colcon_core.shell:Creating prefix script '/home/gargi-das/Documents/robotics_playground/ros2_ws/install/local_setup.bash'
[1.164s] INFO:colcon.colcon_core.shell:Creating prefix chain script '/home/gargi-das/Documents/robotics_playground/ros2_ws/install/setup.bash'
[1.165s] INFO:colcon.colcon_core.shell:Creating prefix script '/home/gargi-das/Documents/robotics_playground/ros2_ws/install/local_setup.zsh'
[1.165s] INFO:colcon.colcon_core.shell:Creating prefix chain script '/home/gargi-das/Documents/robotics_playground/ros2_ws/install/setup.zsh'
