running egg_info
creating ../../build/planar_2r_trajectory/planar_2r_trajectory.egg-info
writing ../../build/planar_2r_trajectory/planar_2r_trajectory.egg-info/PKG-INFO
writing dependency_links to ../../build/planar_2r_trajectory/planar_2r_trajectory.egg-info/dependency_links.txt
writing requirements to ../../build/planar_2r_trajectory/planar_2r_trajectory.egg-info/requires.txt
writing top-level names to ../../build/planar_2r_trajectory/planar_2r_trajectory.egg-info/top_level.txt
writing manifest file '../../build/planar_2r_trajectory/planar_2r_trajectory.egg-info/SOURCES.txt'
reading manifest file '../../build/planar_2r_trajectory/planar_2r_trajectory.egg-info/SOURCES.txt'
writing manifest file '../../build/planar_2r_trajectory/planar_2r_trajectory.egg-info/SOURCES.txt'
running build
running build_py
creating /home/gargi-das/Documents/robotics_playground/ros2_ws/build/planar_2r_trajectory/build
creating /home/gargi-das/Documents/robotics_playground/ros2_ws/build/planar_2r_trajectory/build/lib
creating /home/gargi-das/Documents/robotics_playground/ros2_ws/build/planar_2r_trajectory/build/lib/planar_2r_trajectory
copying planar_2r_trajectory/__init__.py -> /home/gargi-das/Documents/robotics_playground/ros2_ws/build/planar_2r_trajectory/build/lib/planar_2r_trajectory
running install
running install_lib
creating /home/gargi-das/Documents/robotics_playground/ros2_ws/install/planar_2r_trajectory/lib/python3.12/site-packages/planar_2r_trajectory
copying /home/gargi-das/Documents/robotics_playground/ros2_ws/build/planar_2r_trajectory/build/lib/planar_2r_trajectory/__init__.py -> /home/gargi-das/Documents/robotics_playground/ros2_ws/install/planar_2r_trajectory/lib/python3.12/site-packages/planar_2r_trajectory
byte-compiling /home/gargi-das/Documents/robotics_playground/ros2_ws/install/planar_2r_trajectory/lib/python3.12/site-packages/planar_2r_trajectory/__init__.py to __init__.cpython-312.pyc
running install_data
creating /home/gargi-das/Documents/robotics_playground/ros2_ws/install/planar_2r_trajectory/share/ament_index
creating /home/gargi-das/Documents/robotics_playground/ros2_ws/install/planar_2r_trajectory/share/ament_index/resource_index
creating /home/gargi-das/Documents/robotics_playground/ros2_ws/install/planar_2r_trajectory/share/ament_index/resource_index/packages
copying resource/planar_2r_trajectory -> /home/gargi-das/Documents/robotics_playground/ros2_ws/install/planar_2r_trajectory/share/ament_index/resource_index/packages
copying package.xml -> /home/gargi-das/Documents/robotics_playground/ros2_ws/install/planar_2r_trajectory/share/planar_2r_trajectory
running install_egg_info
Copying ../../build/planar_2r_trajectory/planar_2r_trajectory.egg-info to /home/gargi-das/Documents/robotics_playground/ros2_ws/install/planar_2r_trajectory/lib/python3.12/site-packages/planar_2r_trajectory-0.0.0-py3.12.egg-info
running install_scripts
writing list of installed files to '/home/gargi-das/Documents/robotics_playground/ros2_ws/build/planar_2r_trajectory/install.log'
