[0.556s] Invoking command in '/home/gargi-das/Documents/robotics_playground/ros2_ws/src/planar_2r_trajectory': DEBUGINFOD_URLS=https://debuginfod.ubuntu.com PYTHONPATH=/home/gargi-das/Documents/robotics_playground/ros2_ws/build/planar_2r_trajectory/prefix_override:/usr/lib/python3/dist-packages/colcon_core/task/python/colcon_distutils_commands:/home/gargi-das/Documents/robotics_playground/ros2_ws/install/planar_2r_trajectory/lib/python3.12/site-packages:${PYTHONPATH} /usr/bin/python3 -W ignore:setup.py install is deprecated -W ignore:easy_install command is deprecated setup.py egg_info --egg-base ../../build/planar_2r_trajectory build --build-base /home/gargi-das/Documents/robotics_playground/ros2_ws/build/planar_2r_trajectory/build install --record /home/gargi-das/Documents/robotics_playground/ros2_ws/build/planar_2r_trajectory/install.log --install-scripts $base/lib/planar_2r_trajectory --single-version-externally-managed install_data
[0.737s] running egg_info
[0.737s] creating ../../build/planar_2r_trajectory/planar_2r_trajectory.egg-info
[0.750s] writing ../../build/planar_2r_trajectory/planar_2r_trajectory.egg-info/PKG-INFO
[0.750s] writing dependency_links to ../../build/planar_2r_trajectory/planar_2r_trajectory.egg-info/dependency_links.txt
[0.750s] writing requirements to ../../build/planar_2r_trajectory/planar_2r_trajectory.egg-info/requires.txt
[0.750s] writing top-level names to ../../build/planar_2r_trajectory/planar_2r_trajectory.egg-info/top_level.txt
[0.750s] writing manifest file '../../build/planar_2r_trajectory/planar_2r_trajectory.egg-info/SOURCES.txt'
[0.776s] reading manifest file '../../build/planar_2r_trajectory/planar_2r_trajectory.egg-info/SOURCES.txt'
[0.776s] writing manifest file '../../build/planar_2r_trajectory/planar_2r_trajectory.egg-info/SOURCES.txt'
[0.776s] running build
[0.776s] running build_py
[0.776s] creating /home/gargi-das/Documents/robotics_playground/ros2_ws/build/planar_2r_trajectory/build
[0.776s] creating /home/gargi-das/Documents/robotics_playground/ros2_ws/build/planar_2r_trajectory/build/lib
[0.776s] creating /home/gargi-das/Documents/robotics_playground/ros2_ws/build/planar_2r_trajectory/build/lib/planar_2r_trajectory
[0.777s] copying planar_2r_trajectory/__init__.py -> /home/gargi-das/Documents/robotics_playground/ros2_ws/build/planar_2r_trajectory/build/lib/planar_2r_trajectory
[0.777s] running install
[0.782s] running install_lib
[0.794s] creating /home/gargi-das/Documents/robotics_playground/ros2_ws/install/planar_2r_trajectory/lib/python3.12/site-packages/planar_2r_trajectory
[0.794s] copying /home/gargi-das/Documents/robotics_playground/ros2_ws/build/planar_2r_trajectory/build/lib/planar_2r_trajectory/__init__.py -> /home/gargi-das/Documents/robotics_playground/ros2_ws/install/planar_2r_trajectory/lib/python3.12/site-packages/planar_2r_trajectory
[0.795s] byte-compiling /home/gargi-das/Documents/robotics_playground/ros2_ws/install/planar_2r_trajectory/lib/python3.12/site-packages/planar_2r_trajectory/__init__.py to __init__.cpython-312.pyc
[0.795s] running install_data
[0.795s] creating /home/gargi-das/Documents/robotics_playground/ros2_ws/install/planar_2r_trajectory/share/ament_index
[0.795s] creating /home/gargi-das/Documents/robotics_playground/ros2_ws/install/planar_2r_trajectory/share/ament_index/resource_index
[0.795s] creating /home/gargi-das/Documents/robotics_playground/ros2_ws/install/planar_2r_trajectory/share/ament_index/resource_index/packages
[0.795s] copying resource/planar_2r_trajectory -> /home/gargi-das/Documents/robotics_playground/ros2_ws/install/planar_2r_trajectory/share/ament_index/resource_index/packages
[0.795s] copying package.xml -> /home/gargi-das/Documents/robotics_playground/ros2_ws/install/planar_2r_trajectory/share/planar_2r_trajectory
[0.795s] running install_egg_info
[0.811s] Copying ../../build/planar_2r_trajectory/planar_2r_trajectory.egg-info to /home/gargi-das/Documents/robotics_playground/ros2_ws/install/planar_2r_trajectory/lib/python3.12/site-packages/planar_2r_trajectory-0.0.0-py3.12.egg-info
[0.811s] running install_scripts
[0.898s] writing list of installed files to '/home/gargi-das/Documents/robotics_playground/ros2_ws/build/planar_2r_trajectory/install.log'
[0.921s] Invoked command in '/home/gargi-das/Documents/robotics_playground/ros2_ws/src/planar_2r_trajectory' returned '0': DEBUGINFOD_URLS=https://debuginfod.ubuntu.com PYTHONPATH=/home/gargi-das/Documents/robotics_playground/ros2_ws/build/planar_2r_trajectory/prefix_override:/usr/lib/python3/dist-packages/colcon_core/task/python/colcon_distutils_commands:/home/gargi-das/Documents/robotics_playground/ros2_ws/install/planar_2r_trajectory/lib/python3.12/site-packages:${PYTHONPATH} /usr/bin/python3 -W ignore:setup.py install is deprecated -W ignore:easy_install command is deprecated setup.py egg_info --egg-base ../../build/planar_2r_trajectory build --build-base /home/gargi-das/Documents/robotics_playground/ros2_ws/build/planar_2r_trajectory/build install --record /home/gargi-das/Documents/robotics_playground/ros2_ws/build/planar_2r_trajectory/install.log --install-scripts $base/lib/planar_2r_trajectory --single-version-externally-managed install_data
