[0.072s] DEBUG:colcon:Command line arguments: ['/usr/bin/colcon', 'build', '--packages-select', 'planar_2r_kinematics']
[0.072s] DEBUG:colcon:Parsed command line arguments: Namespace(log_base=None, log_level=None, verb_name='build', build_base='build', install_base='install', merge_install=False, symlink_install=False, test_result_base=None, continue_on_error=False, executor='parallel', parallel_workers=8, event_handlers=None, ignore_user_meta=False, metas=['./colcon.meta'], base_paths=['.'], packages_ignore=None, packages_ignore_regex=None, paths=None, packages_up_to=None, packages_up_to_regex=None, packages_above=None, packages_above_and_dependencies=None, packages_above_depth=None, packages_select_by_dep=None, packages_skip_by_dep=None, packages_skip_up_to=None, packages_select_build_failed=False, packages_skip_build_finished=False, packages_select_test_failures=False, packages_skip_test_passed=False, packages_select=['planar_2r_kinematics'], packages_skip=None, packages_select_regex=None, packages_skip_regex=None, packages_start=None, packages_end=None, allow_overriding=[], cmake_args=None, cmake_target=None, cmake_target_skip_unavailable=False, cmake_clean_cache=False, cmake_clean_first=False, cmake_force_configure=False, ament_cmake_args=None, catkin_cmake_args=None, catkin_skip_building_tests=False, verb_parser=<colcon_defaults.argument_parser.defaults.DefaultArgumentsDecorator object at 0x7f8cb8a65d60>, verb_extension=<colcon_core.verb.build.BuildVerb object at 0x7f8cb8be7d10>, main=<bound method BuildVerb.main of <colcon_core.verb.build.BuildVerb object at 0x7f8cb8be7d10>>)
[0.098s] Level 1:colcon.colcon_core.package_discovery:discover_packages(colcon_meta) check parameters
[0.098s] Level 1:colcon.colcon_core.package_discovery:discover_packages(recursive) check parameters
[0.098s] Level 1:colcon.colcon_core.package_discovery:discover_packages(ignore) check parameters
[0.098s] Level 1:colcon.colcon_core.package_discovery:discover_packages(path) check parameters
[0.099s] Level 1:colcon.colcon_core.package_discovery:discover_packages(colcon_meta) discover
[0.099s] Level 1:colcon.colcon_core.package_discovery:discover_packages(recursive) discover
[0.099s] INFO:colcon.colcon_core.package_discovery:Crawling recursively for packages in '/home/gargi-das/Documents/robotics_playground/ros2_ws'
[0.099s] Level 1:colcon.colcon_core.package_identification:_identify(.) by extensions ['ignore', 'ignore_ament_install']
[0.099s] Level 1:colcon.colcon_core.package_identification:_identify(.) by extension 'ignore'
[0.099s] Level 1:colcon.colcon_core.package_identification:_identify(.) by extension 'ignore_ament_install'
[0.099s] Level 1:colcon.colcon_core.package_identification:_identify(.) by extensions ['colcon_pkg']
[0.099s] Level 1:colcon.colcon_core.package_identification:_identify(.) by extension 'colcon_pkg'
[0.099s] Level 1:colcon.colcon_core.package_identification:_identify(.) by extensions ['colcon_meta']
[0.099s] Level 1:colcon.colcon_core.package_identification:_identify(.) by extension 'colcon_meta'
[0.099s] Level 1:colcon.colcon_core.package_identification:_identify(.) by extensions ['ros']
[0.099s] Level 1:colcon.colcon_core.package_identification:_identify(.) by extension 'ros'
[0.117s] Level 1:colcon.colcon_core.package_identification:_identify(.) by extensions ['cmake', 'python']
[0.117s] Level 1:colcon.colcon_core.package_identification:_identify(.) by extension 'cmake'
[0.117s] Level 1:colcon.colcon_core.package_identification:_identify(.) by extension 'python'
[0.117s] Level 1:colcon.colcon_core.package_identification:_identify(.) by extensions ['python_setup_py']
[0.117s] Level 1:colcon.colcon_core.package_identification:_identify(.) by extension 'python_setup_py'
[0.117s] Level 1:colcon.colcon_core.package_identification:_identify(build) by extensions ['ignore', 'ignore_ament_install']
[0.117s] Level 1:colcon.colcon_core.package_identification:_identify(build) by extension 'ignore'
[0.117s] Level 1:colcon.colcon_core.package_identification:_identify(build) ignored
[0.117s] Level 1:colcon.colcon_core.package_identification:_identify(install) by extensions ['ignore', 'ignore_ament_install']
[0.117s] Level 1:colcon.colcon_core.package_identification:_identify(install) by extension 'ignore'
[0.117s] Level 1:colcon.colcon_core.package_identification:_identify(install) ignored
[0.117s] Level 1:colcon.colcon_core.package_identification:_identify(log) by extensions ['ignore', 'ignore_ament_install']
[0.117s] Level 1:colcon.colcon_core.package_identification:_identify(log) by extension 'ignore'
[0.117s] Level 1:colcon.colcon_core.package_identification:_identify(log) ignored
[0.117s] Level 1:colcon.colcon_core.package_identification:_identify(src) by extensions ['ignore', 'ignore_ament_install']
[0.117s] Level 1:colcon.colcon_core.package_identification:_identify(src) by extension 'ignore'
[0.117s] Level 1:colcon.colcon_core.package_identification:_identify(src) by extension 'ignore_ament_install'
[0.118s] Level 1:colcon.colcon_core.package_identification:_identify(src) by extensions ['colcon_pkg']
[0.118s] Level 1:colcon.colcon_core.package_identification:_identify(src) by extension 'colcon_pkg'
[0.118s] Level 1:colcon.colcon_core.package_identification:_identify(src) by extensions ['colcon_meta']
[0.118s] Level 1:colcon.colcon_core.package_identification:_identify(src) by extension 'colcon_meta'
[0.118s] Level 1:colcon.colcon_core.package_identification:_identify(src) by extensions ['ros']
[0.118s] Level 1:colcon.colcon_core.package_identification:_identify(src) by extension 'ros'
[0.118s] Level 1:colcon.colcon_core.package_identification:_identify(src) by extensions ['cmake', 'python']
[0.118s] Level 1:colcon.colcon_core.package_identification:_identify(src) by extension 'cmake'
[0.118s] Level 1:colcon.colcon_core.package_identification:_identify(src) by extension 'python'
[0.118s] Level 1:colcon.colcon_core.package_identification:_identify(src) by extensions ['python_setup_py']
[0.118s] Level 1:colcon.colcon_core.package_identification:_identify(src) by extension 'python_setup_py'
[0.118s] Level 1:colcon.colcon_core.package_identification:_identify(src/planar_2r_description) by extensions ['ignore', 'ignore_ament_install']
[0.118s] Level 1:colcon.colcon_core.package_identification:_identify(src/planar_2r_description) by extension 'ignore'
[0.118s] Level 1:colcon.colcon_core.package_identification:_identify(src/planar_2r_description) by extension 'ignore_ament_install'
[0.118s] Level 1:colcon.colcon_core.package_identification:_identify(src/planar_2r_description) by extensions ['colcon_pkg']
[0.118s] Level 1:colcon.colcon_core.package_identification:_identify(src/planar_2r_description) by extension 'colcon_pkg'
[0.118s] Level 1:colcon.colcon_core.package_identification:_identify(src/planar_2r_description) by extensions ['colcon_meta']
[0.118s] Level 1:colcon.colcon_core.package_identification:_identify(src/planar_2r_description) by extension 'colcon_meta'
[0.118s] Level 1:colcon.colcon_core.package_identification:_identify(src/planar_2r_description) by extensions ['ros']
[0.118s] Level 1:colcon.colcon_core.package_identification:_identify(src/planar_2r_description) by extension 'ros'
[0.120s] DEBUG:colcon.colcon_core.package_identification:Package 'src/planar_2r_description' with type 'ros.ament_cmake' and name 'planar_2r_description'
[0.120s] Level 1:colcon.colcon_core.package_identification:_identify(src/planar_2r_kinematics) by extensions ['ignore', 'ignore_ament_install']
[0.120s] Level 1:colcon.colcon_core.package_identification:_identify(src/planar_2r_kinematics) by extension 'ignore'
[0.120s] Level 1:colcon.colcon_core.package_identification:_identify(src/planar_2r_kinematics) by extension 'ignore_ament_install'
[0.120s] Level 1:colcon.colcon_core.package_identification:_identify(src/planar_2r_kinematics) by extensions ['colcon_pkg']
[0.120s] Level 1:colcon.colcon_core.package_identification:_identify(src/planar_2r_kinematics) by extension 'colcon_pkg'
[0.120s] Level 1:colcon.colcon_core.package_identification:_identify(src/planar_2r_kinematics) by extensions ['colcon_meta']
[0.121s] Level 1:colcon.colcon_core.package_identification:_identify(src/planar_2r_kinematics) by extension 'colcon_meta'
[0.121s] Level 1:colcon.colcon_core.package_identification:_identify(src/planar_2r_kinematics) by extensions ['ros']
[0.121s] Level 1:colcon.colcon_core.package_identification:_identify(src/planar_2r_kinematics) by extension 'ros'
[0.121s] DEBUG:colcon.colcon_core.package_identification:Package 'src/planar_2r_kinematics' with type 'ros.ament_python' and name 'planar_2r_kinematics'
[0.121s] Level 1:colcon.colcon_core.package_discovery:discover_packages(recursive) using defaults
[0.121s] Level 1:colcon.colcon_core.package_discovery:discover_packages(ignore) discover
[0.121s] Level 1:colcon.colcon_core.package_discovery:discover_packages(ignore) using defaults
[0.121s] Level 1:colcon.colcon_core.package_discovery:discover_packages(path) discover
[0.121s] Level 1:colcon.colcon_core.package_discovery:discover_packages(path) using defaults
[0.134s] INFO:colcon.colcon_core.package_selection:Skipping not selected package 'planar_2r_description' in 'src/planar_2r_description'
[0.134s] Level 1:colcon.colcon_core.package_discovery:discover_packages(prefix_path) check parameters
[0.134s] Level 1:colcon.colcon_core.package_discovery:discover_packages(prefix_path) discover
[0.135s] DEBUG:colcon.colcon_installed_package_information.package_discovery:Found 2 installed packages in /home/gargi-das/Documents/robotics_playground/ros2_ws/install
[0.136s] DEBUG:colcon.colcon_installed_package_information.package_discovery:Found 292 installed packages in /opt/ros/jazzy
[0.136s] Level 1:colcon.colcon_core.package_discovery:discover_packages(prefix_path) using defaults
[0.165s] Level 5:colcon.colcon_core.verb:set package 'planar_2r_kinematics' build argument 'cmake_args' from command line to 'None'
[0.165s] Level 5:colcon.colcon_core.verb:set package 'planar_2r_kinematics' build argument 'cmake_target' from command line to 'None'
[0.165s] Level 5:colcon.colcon_core.verb:set package 'planar_2r_kinematics' build argument 'cmake_target_skip_unavailable' from command line to 'False'
[0.165s] Level 5:colcon.colcon_core.verb:set package 'planar_2r_kinematics' build argument 'cmake_clean_cache' from command line to 'False'
[0.165s] Level 5:colcon.colcon_core.verb:set package 'planar_2r_kinematics' build argument 'cmake_clean_first' from command line to 'False'
[0.165s] Level 5:colcon.colcon_core.verb:set package 'planar_2r_kinematics' build argument 'cmake_force_configure' from command line to 'False'
[0.165s] Level 5:colcon.colcon_core.verb:set package 'planar_2r_kinematics' build argument 'ament_cmake_args' from command line to 'None'
[0.165s] Level 5:colcon.colcon_core.verb:set package 'planar_2r_kinematics' build argument 'catkin_cmake_args' from command line to 'None'
[0.165s] Level 5:colcon.colcon_core.verb:set package 'planar_2r_kinematics' build argument 'catkin_skip_building_tests' from command line to 'False'
[0.165s] DEBUG:colcon.colcon_core.verb:Building package 'planar_2r_kinematics' with the following arguments: {'ament_cmake_args': None, 'build_base': '/home/gargi-das/Documents/robotics_playground/ros2_ws/build/planar_2r_kinematics', 'catkin_cmake_args': None, 'catkin_skip_building_tests': False, 'cmake_args': None, 'cmake_clean_cache': False, 'cmake_clean_first': False, 'cmake_force_configure': False, 'cmake_target': None, 'cmake_target_skip_unavailable': False, 'install_base': '/home/gargi-das/Documents/robotics_playground/ros2_ws/install/planar_2r_kinematics', 'merge_install': False, 'path': '/home/gargi-das/Documents/robotics_playground/ros2_ws/src/planar_2r_kinematics', 'symlink_install': False, 'test_result_base': None}
[0.165s] INFO:colcon.colcon_core.executor:Executing jobs using 'parallel' executor
[0.166s] DEBUG:colcon.colcon_parallel_executor.executor.parallel:run_until_complete
[0.166s] INFO:colcon.colcon_ros.task.ament_python.build:Building ROS package in '/home/gargi-das/Documents/robotics_playground/ros2_ws/src/planar_2r_kinematics' with build type 'ament_python'
[0.166s] Level 1:colcon.colcon_core.shell:create_environment_hook('planar_2r_kinematics', 'ament_prefix_path')
[0.168s] INFO:colcon.colcon_core.plugin_system:Skipping extension 'colcon_core.shell.bat': Not used on non-Windows systems
[0.168s] INFO:colcon.colcon_core.shell:Creating environment hook '/home/gargi-das/Documents/robotics_playground/ros2_ws/install/planar_2r_kinematics/share/planar_2r_kinematics/hook/ament_prefix_path.ps1'
[0.169s] INFO:colcon.colcon_core.shell:Creating environment descriptor '/home/gargi-das/Documents/robotics_playground/ros2_ws/install/planar_2r_kinematics/share/planar_2r_kinematics/hook/ament_prefix_path.dsv'
[0.169s] INFO:colcon.colcon_core.shell:Creating environment hook '/home/gargi-das/Documents/robotics_playground/ros2_ws/install/planar_2r_kinematics/share/planar_2r_kinematics/hook/ament_prefix_path.sh'
[0.170s] INFO:colcon.colcon_core.shell:Skip shell extension 'powershell' for command environment: Not usable outside of PowerShell
[0.170s] DEBUG:colcon.colcon_core.shell:Skip shell extension 'dsv' for command environment
[0.321s] INFO:colcon.colcon_core.task.python.build:Building Python package in '/home/gargi-das/Documents/robotics_playground/ros2_ws/src/planar_2r_kinematics'
[0.321s] INFO:colcon.colcon_core.shell:Skip shell extension 'powershell' for command environment: Not usable outside of PowerShell
[0.321s] DEBUG:colcon.colcon_core.shell:Skip shell extension 'dsv' for command environment
[0.715s] DEBUG:colcon.colcon_core.task.python.build:Available setuptools commands: install, build_py, clean, saveopts, egg_info, build_scripts, bdist, dist_info, test, setopt, develop, bdist_wheel, easy_install, editable_wheel, upload_docs, extract_messages, register, install_data, sdist, init_catalog, check, bdist_egg, install_egg_info, bdist_rpm, build_ext, compile_catalog, install_headers, build_clib, symlink_data, upload, install_scripts, alias, bdist_dumb, update_catalog, rotate, install_lib, build
[0.717s] DEBUG:colcon.colcon_core.event_handler.log_command:Invoking command in '/home/gargi-das/Documents/robotics_playground/ros2_ws/src/planar_2r_kinematics': DEBUGINFOD_URLS=https://debuginfod.ubuntu.com PYTHONPATH=/home/gargi-das/Documents/robotics_playground/ros2_ws/build/planar_2r_kinematics/prefix_override:/usr/lib/python3/dist-packages/colcon_core/task/python/colcon_distutils_commands:/home/gargi-das/Documents/robotics_playground/ros2_ws/install/planar_2r_kinematics/lib/python3.12/site-packages:${PYTHONPATH} /usr/bin/python3 -W ignore:setup.py install is deprecated -W ignore:easy_install command is deprecated setup.py egg_info --egg-base ../../build/planar_2r_kinematics build --build-base /home/gargi-das/Documents/robotics_playground/ros2_ws/build/planar_2r_kinematics/build install --record /home/gargi-das/Documents/robotics_playground/ros2_ws/build/planar_2r_kinematics/install.log --install-scripts $base/lib/planar_2r_kinematics --single-version-externally-managed install_data
[1.089s] DEBUG:colcon.colcon_core.event_handler.log_command:Invoked command in '/home/gargi-das/Documents/robotics_playground/ros2_ws/src/planar_2r_kinematics' returned '0': DEBUGINFOD_URLS=https://debuginfod.ubuntu.com PYTHONPATH=/home/gargi-das/Documents/robotics_playground/ros2_ws/build/planar_2r_kinematics/prefix_override:/usr/lib/python3/dist-packages/colcon_core/task/python/colcon_distutils_commands:/home/gargi-das/Documents/robotics_playground/ros2_ws/install/planar_2r_kinematics/lib/python3.12/site-packages:${PYTHONPATH} /usr/bin/python3 -W ignore:setup.py install is deprecated -W ignore:easy_install command is deprecated setup.py egg_info --egg-base ../../build/planar_2r_kinematics build --build-base /home/gargi-das/Documents/robotics_playground/ros2_ws/build/planar_2r_kinematics/build install --record /home/gargi-das/Documents/robotics_playground/ros2_ws/build/planar_2r_kinematics/install.log --install-scripts $base/lib/planar_2r_kinematics --single-version-externally-managed install_data
[1.090s] Level 1:colcon.colcon_core.environment:checking '/home/gargi-das/Documents/robotics_playground/ros2_ws/install/planar_2r_kinematics' for CMake module files
[1.091s] Level 1:colcon.colcon_core.environment:checking '/home/gargi-das/Documents/robotics_playground/ros2_ws/install/planar_2r_kinematics' for CMake config files
[1.091s] Level 1:colcon.colcon_core.environment:checking '/home/gargi-das/Documents/robotics_playground/ros2_ws/install/planar_2r_kinematics/lib'
[1.091s] Level 1:colcon.colcon_core.environment:checking '/home/gargi-das/Documents/robotics_playground/ros2_ws/install/planar_2r_kinematics/bin'
[1.091s] Level 1:colcon.colcon_core.environment:checking '/home/gargi-das/Documents/robotics_playground/ros2_ws/install/planar_2r_kinematics/lib/pkgconfig/planar_2r_kinematics.pc'
[1.091s] Level 1:colcon.colcon_core.environment:checking '/home/gargi-das/Documents/robotics_playground/ros2_ws/install/planar_2r_kinematics/lib/python3.12/site-packages'
[1.092s] Level 1:colcon.colcon_core.shell:create_environment_hook('planar_2r_kinematics', 'pythonpath')
[1.092s] INFO:colcon.colcon_core.shell:Creating environment hook '/home/gargi-das/Documents/robotics_playground/ros2_ws/install/planar_2r_kinematics/share/planar_2r_kinematics/hook/pythonpath.ps1'
[1.092s] INFO:colcon.colcon_core.shell:Creating environment descriptor '/home/gargi-das/Documents/robotics_playground/ros2_ws/install/planar_2r_kinematics/share/planar_2r_kinematics/hook/pythonpath.dsv'
[1.092s] INFO:colcon.colcon_core.shell:Creating environment hook '/home/gargi-das/Documents/robotics_playground/ros2_ws/install/planar_2r_kinematics/share/planar_2r_kinematics/hook/pythonpath.sh'
[1.093s] Level 1:colcon.colcon_core.environment:checking '/home/gargi-das/Documents/robotics_playground/ros2_ws/install/planar_2r_kinematics/bin'
[1.093s] Level 1:colcon.colcon_core.environment:create_environment_scripts_only(planar_2r_kinematics)
[1.093s] INFO:colcon.colcon_core.shell:Creating package script '/home/gargi-das/Documents/robotics_playground/ros2_ws/install/planar_2r_kinematics/share/planar_2r_kinematics/package.ps1'
[1.094s] INFO:colcon.colcon_core.shell:Creating package descriptor '/home/gargi-das/Documents/robotics_playground/ros2_ws/install/planar_2r_kinematics/share/planar_2r_kinematics/package.dsv'
[1.094s] INFO:colcon.colcon_core.shell:Creating package script '/home/gargi-das/Documents/robotics_playground/ros2_ws/install/planar_2r_kinematics/share/planar_2r_kinematics/package.sh'
[1.094s] INFO:colcon.colcon_core.shell:Creating package script '/home/gargi-das/Documents/robotics_playground/ros2_ws/install/planar_2r_kinematics/share/planar_2r_kinematics/package.bash'
[1.095s] INFO:colcon.colcon_core.shell:Creating package script '/home/gargi-das/Documents/robotics_playground/ros2_ws/install/planar_2r_kinematics/share/planar_2r_kinematics/package.zsh'
[1.095s] Level 1:colcon.colcon_core.environment:create_file_with_runtime_dependencies(/home/gargi-das/Documents/robotics_playground/ros2_ws/install/planar_2r_kinematics/share/colcon-core/packages/planar_2r_kinematics)
[1.095s] DEBUG:colcon.colcon_parallel_executor.executor.parallel:closing loop
[1.096s] DEBUG:colcon.colcon_parallel_executor.executor.parallel:loop closed
[1.096s] DEBUG:colcon.colcon_parallel_executor.executor.parallel:run_until_complete finished with '0'
[1.096s] DEBUG:colcon.colcon_core.event_reactor:joining thread
[1.100s] INFO:colcon.colcon_core.plugin_system:Skipping extension 'colcon_notification.desktop_notification.terminal_notifier': Not used on non-Darwin systems
[1.100s] INFO:colcon.colcon_core.plugin_system:Skipping extension 'colcon_notification.desktop_notification.win32': Not used on non-Windows systems
[1.100s] INFO:colcon.colcon_notification.desktop_notification:Sending desktop notification using 'notify2'
[1.109s] DEBUG:colcon.colcon_core.event_reactor:joined thread
[1.110s] INFO:colcon.colcon_core.shell:Creating prefix script '/home/gargi-das/Documents/robotics_playground/ros2_ws/install/local_setup.ps1'
[1.110s] INFO:colcon.colcon_core.shell:Creating prefix util module '/home/gargi-das/Documents/robotics_playground/ros2_ws/install/_local_setup_util_ps1.py'
[1.111s] INFO:colcon.colcon_core.shell:Creating prefix chain script '/home/gargi-das/Documents/robotics_playground/ros2_ws/install/setup.ps1'
[1.112s] INFO:colcon.colcon_core.shell:Creating prefix script '/home/gargi-das/Documents/robotics_playground/ros2_ws/install/local_setup.sh'
[1.112s] INFO:colcon.colcon_core.shell:Creating prefix util module '/home/gargi-das/Documents/robotics_playground/ros2_ws/install/_local_setup_util_sh.py'
[1.113s] INFO:colcon.colcon_core.shell:Creating prefix chain script '/home/gargi-das/Documents/robotics_playground/ros2_ws/install/setup.sh'
[1.114s] INFO:colcon.colcon_core.shell:Creating prefix script '/home/gargi-das/Documents/robotics_playground/ros2_ws/install/local_setup.bash'
[1.114s] INFO:colcon.colcon_core.shell:Creating prefix chain script '/home/gargi-das/Documents/robotics_playground/ros2_ws/install/setup.bash'
[1.115s] INFO:colcon.colcon_core.shell:Creating prefix script '/home/gargi-das/Documents/robotics_playground/ros2_ws/install/local_setup.zsh'
[1.115s] INFO:colcon.colcon_core.shell:Creating prefix chain script '/home/gargi-das/Documents/robotics_playground/ros2_ws/install/setup.zsh'
