[0.007s] Invoking command in '/home/gargi-das/Documents/robotics_playground/ros2_ws/build/planar_2r_description': CMAKE_PREFIX_PATH=${CMAKE_PREFIX_PATH}:/opt/ros/jazzy DEBUGINFOD_URLS=https://debuginfod.ubuntu.com /usr/bin/cmake /home/gargi-das/Documents/robotics_playground/ros2_ws/src/planar_2r_description -DCMAKE_INSTALL_PREFIX=/home/gargi-das/Documents/robotics_playground/ros2_ws/install/planar_2r_description
[0.045s] -- The C compiler identification is GNU 13.3.0
[0.085s] -- The CXX compiler identification is GNU 13.3.0
[0.096s] -- Detecting C compiler ABI info
[0.158s] -- Detecting C compiler ABI info - done
[0.165s] -- Check for working C compiler: /usr/bin/cc - skipped
[0.165s] -- Detecting C compile features
[0.165s] -- Detecting C compile features - done
[0.172s] -- Detecting CXX compiler ABI info
[0.242s] -- Detecting CXX compiler ABI info - done
[0.250s] -- Check for working CXX compiler: /usr/bin/c++ - skipped
[0.250s] -- Detecting CXX compile features
[0.250s] -- Detecting CXX compile features - done
[0.252s] -- Found ament_cmake: 2.5.6 (/opt/ros/jazzy/share/ament_cmake/cmake)
[0.355s] -- Found Python3: /usr/bin/python3 (found version "3.12.3") found components: Interpreter 
[0.455s] -- Found ament_lint_auto: 0.17.5 (/opt/ros/jazzy/share/ament_lint_auto/cmake)
[0.538s] -- Added test 'flake8' to check Python code syntax and style conventions
[0.538s] -- Configured 'flake8' exclude dirs and/or files: 
[0.538s] -- Added test 'lint_cmake' to check CMake code style
[0.539s] -- Added test 'pep257' to check Python code against some of the docstring style conventions in PEP 257
[0.539s] -- Added test 'xmllint' to check XML markup files
[0.540s] -- Configuring done (0.5s)
[0.542s] -- Generating done (0.0s)
[0.544s] -- Build files have been written to: /home/gargi-das/Documents/robotics_playground/ros2_ws/build/planar_2r_description
[0.548s] Invoked command in '/home/gargi-das/Documents/robotics_playground/ros2_ws/build/planar_2r_description' returned '0': CMAKE_PREFIX_PATH=${CMAKE_PREFIX_PATH}:/opt/ros/jazzy DEBUGINFOD_URLS=https://debuginfod.ubuntu.com /usr/bin/cmake /home/gargi-das/Documents/robotics_playground/ros2_ws/src/planar_2r_description -DCMAKE_INSTALL_PREFIX=/home/gargi-das/Documents/robotics_playground/ros2_ws/install/planar_2r_description
[0.548s] Invoking command in '/home/gargi-das/Documents/robotics_playground/ros2_ws/build/planar_2r_description': CMAKE_PREFIX_PATH=${CMAKE_PREFIX_PATH}:/opt/ros/jazzy DEBUGINFOD_URLS=https://debuginfod.ubuntu.com /usr/bin/cmake --build /home/gargi-das/Documents/robotics_playground/ros2_ws/build/planar_2r_description -- -j8 -l8
[0.574s] Invoked command in '/home/gargi-das/Documents/robotics_playground/ros2_ws/build/planar_2r_description' returned '0': CMAKE_PREFIX_PATH=${CMAKE_PREFIX_PATH}:/opt/ros/jazzy DEBUGINFOD_URLS=https://debuginfod.ubuntu.com /usr/bin/cmake --build /home/gargi-das/Documents/robotics_playground/ros2_ws/build/planar_2r_description -- -j8 -l8
[0.581s] Invoking command in '/home/gargi-das/Documents/robotics_playground/ros2_ws/build/planar_2r_description': CMAKE_PREFIX_PATH=${CMAKE_PREFIX_PATH}:/opt/ros/jazzy DEBUGINFOD_URLS=https://debuginfod.ubuntu.com /usr/bin/cmake --install /home/gargi-das/Documents/robotics_playground/ros2_ws/build/planar_2r_description
[0.587s] -- Install configuration: ""
[0.587s] -- Installing: /home/gargi-das/Documents/robotics_playground/ros2_ws/install/planar_2r_description/share/planar_2r_description/launch
[0.587s] -- Installing: /home/gargi-das/Documents/robotics_playground/ros2_ws/install/planar_2r_description/share/planar_2r_description/launch/display.launch.py
[0.587s] -- Installing: /home/gargi-das/Documents/robotics_playground/ros2_ws/install/planar_2r_description/share/planar_2r_description/rviz
[0.587s] -- Installing: /home/gargi-das/Documents/robotics_playground/ros2_ws/install/planar_2r_description/share/planar_2r_description/urdf
[0.587s] -- Installing: /home/gargi-das/Documents/robotics_playground/ros2_ws/install/planar_2r_description/share/planar_2r_description/urdf/planar_2r.urdf.xacro
[0.587s] -- Installing: /home/gargi-das/Documents/robotics_playground/ros2_ws/install/planar_2r_description/share/planar_2r_description/meshes
[0.587s] -- Installing: /home/gargi-das/Documents/robotics_playground/ros2_ws/install/planar_2r_description/share/ament_index/resource_index/package_run_dependencies/planar_2r_description
[0.587s] -- Installing: /home/gargi-das/Documents/robotics_playground/ros2_ws/install/planar_2r_description/share/ament_index/resource_index/parent_prefix_path/planar_2r_description
[0.587s] -- Installing: /home/gargi-das/Documents/robotics_playground/ros2_ws/install/planar_2r_description/share/planar_2r_description/environment/ament_prefix_path.sh
[0.588s] -- Installing: /home/gargi-das/Documents/robotics_playground/ros2_ws/install/planar_2r_description/share/planar_2r_description/environment/ament_prefix_path.dsv
[0.588s] -- Installing: /home/gargi-das/Documents/robotics_playground/ros2_ws/install/planar_2r_description/share/planar_2r_description/environment/path.sh
[0.588s] -- Installing: /home/gargi-das/Documents/robotics_playground/ros2_ws/install/planar_2r_description/share/planar_2r_description/environment/path.dsv
[0.588s] -- Installing: /home/gargi-das/Documents/robotics_playground/ros2_ws/install/planar_2r_description/share/planar_2r_description/local_setup.bash
[0.588s] -- Installing: /home/gargi-das/Documents/robotics_playground/ros2_ws/install/planar_2r_description/share/planar_2r_description/local_setup.sh
[0.588s] -- Installing: /home/gargi-das/Documents/robotics_playground/ros2_ws/install/planar_2r_description/share/planar_2r_description/local_setup.zsh
[0.588s] -- Installing: /home/gargi-das/Documents/robotics_playground/ros2_ws/install/planar_2r_description/share/planar_2r_description/local_setup.dsv
[0.588s] -- Installing: /home/gargi-das/Documents/robotics_playground/ros2_ws/install/planar_2r_description/share/planar_2r_description/package.dsv
[0.588s] -- Installing: /home/gargi-das/Documents/robotics_playground/ros2_ws/install/planar_2r_description/share/ament_index/resource_index/packages/planar_2r_description
[0.589s] -- Installing: /home/gargi-das/Documents/robotics_playground/ros2_ws/install/planar_2r_description/share/planar_2r_description/cmake/planar_2r_descriptionConfig.cmake
[0.589s] -- Installing: /home/gargi-das/Documents/robotics_playground/ros2_ws/install/planar_2r_description/share/planar_2r_description/cmake/planar_2r_descriptionConfig-version.cmake
[0.589s] -- Installing: /home/gargi-das/Documents/robotics_playground/ros2_ws/install/planar_2r_description/share/planar_2r_description/package.xml
[0.591s] Invoked command in '/home/gargi-das/Documents/robotics_playground/ros2_ws/build/planar_2r_description' returned '0': CMAKE_PREFIX_PATH=${CMAKE_PREFIX_PATH}:/opt/ros/jazzy DEBUGINFOD_URLS=https://debuginfod.ubuntu.com /usr/bin/cmake --install /home/gargi-das/Documents/robotics_playground/ros2_ws/build/planar_2r_description
