running egg_info
creating ../../build/planar_2r_kinematics/planar_2r_kinematics.egg-info
writing ../../build/planar_2r_kinematics/planar_2r_kinematics.egg-info/PKG-INFO
writing dependency_links to ../../build/planar_2r_kinematics/planar_2r_kinematics.egg-info/dependency_links.txt
writing entry points to ../../build/planar_2r_kinematics/planar_2r_kinematics.egg-info/entry_points.txt
writing requirements to ../../build/planar_2r_kinematics/planar_2r_kinematics.egg-info/requires.txt
writing top-level names to ../../build/planar_2r_kinematics/planar_2r_kinematics.egg-info/top_level.txt
writing manifest file '../../build/planar_2r_kinematics/planar_2r_kinematics.egg-info/SOURCES.txt'
reading manifest file '../../build/planar_2r_kinematics/planar_2r_kinematics.egg-info/SOURCES.txt'
writing manifest file '../../build/planar_2r_kinematics/planar_2r_kinematics.egg-info/SOURCES.txt'
running build
running build_py
creating /home/gargi-das/Documents/robotics_playground/ros2_ws/build/planar_2r_kinematics/build
creating /home/gargi-das/Documents/robotics_playground/ros2_ws/build/planar_2r_kinematics/build/lib
creating /home/gargi-das/Documents/robotics_playground/ros2_ws/build/planar_2r_kinematics/build/lib/planar_2r_kinematics
copying planar_2r_kinematics/__init__.py -> /home/gargi-das/Documents/robotics_playground/ros2_ws/build/planar_2r_kinematics/build/lib/planar_2r_kinematics
copying planar_2r_kinematics/forward_kinematics_node.py -> /home/gargi-das/Documents/robotics_playground/ros2_ws/build/planar_2r_kinematics/build/lib/planar_2r_kinematics
running install
running install_lib
creating /home/gargi-das/Documents/robotics_playground/ros2_ws/install/planar_2r_kinematics/lib/python3.12/site-packages/planar_2r_kinematics
copying /home/gargi-das/Documents/robotics_playground/ros2_ws/build/planar_2r_kinematics/build/lib/planar_2r_kinematics/__init__.py -> /home/gargi-das/Documents/robotics_playground/ros2_ws/install/planar_2r_kinematics/lib/python3.12/site-packages/planar_2r_kinematics
copying /home/gargi-das/Documents/robotics_playground/ros2_ws/build/planar_2r_kinematics/build/lib/planar_2r_kinematics/forward_kinematics_node.py -> /home/gargi-das/Documents/robotics_playground/ros2_ws/install/planar_2r_kinematics/lib/python3.12/site-packages/planar_2r_kinematics
byte-compiling /home/gargi-das/Documents/robotics_playground/ros2_ws/install/planar_2r_kinematics/lib/python3.12/site-packages/planar_2r_kinematics/__init__.py to __init__.cpython-312.pyc
byte-compiling /home/gargi-das/Documents/robotics_playground/ros2_ws/install/planar_2r_kinematics/lib/python3.12/site-packages/planar_2r_kinematics/forward_kinematics_node.py to forward_kinematics_node.cpython-312.pyc
running install_data
creating /home/gargi-das/Documents/robotics_playground/ros2_ws/install/planar_2r_kinematics/share/ament_index
creating /home/gargi-das/Documents/robotics_playground/ros2_ws/install/planar_2r_kinematics/share/ament_index/resource_index
creating /home/gargi-das/Documents/robotics_playground/ros2_ws/install/planar_2r_kinematics/share/ament_index/resource_index/packages
copying resource/planar_2r_kinematics -> /home/gargi-das/Documents/robotics_playground/ros2_ws/install/planar_2r_kinematics/share/ament_index/resource_index/packages
copying package.xml -> /home/gargi-das/Documents/robotics_playground/ros2_ws/install/planar_2r_kinematics/share/planar_2r_kinematics
running install_egg_info
Copying ../../build/planar_2r_kinematics/planar_2r_kinematics.egg-info to /home/gargi-das/Documents/robotics_playground/ros2_ws/install/planar_2r_kinematics/lib/python3.12/site-packages/planar_2r_kinematics-0.0.0-py3.12.egg-info
running install_scripts
Installing forward_kinematics script to /home/gargi-das/Documents/robotics_playground/ros2_ws/install/planar_2r_kinematics/lib/planar_2r_kinematics
writing list of installed files to '/home/gargi-das/Documents/robotics_playground/ros2_ws/build/planar_2r_kinematics/install.log'
