[0.698s] Invoking command in '/home/gargi-das/Documents/robotics_playground/ros2_ws/src/planar_2r_kinematics': DEBUGINFOD_URLS=https://debuginfod.ubuntu.com PYTHONPATH=/home/gargi-das/Documents/robotics_playground/ros2_ws/build/planar_2r_kinematics/prefix_override:/usr/lib/python3/dist-packages/colcon_core/task/python/colcon_distutils_commands:/home/gargi-das/Documents/robotics_playground/ros2_ws/install/planar_2r_kinematics/lib/python3.12/site-packages:${PYTHONPATH} /usr/bin/python3 -W ignore:setup.py install is deprecated -W ignore:easy_install command is deprecated setup.py egg_info --egg-base ../../build/planar_2r_kinematics build --build-base /home/gargi-das/Documents/robotics_playground/ros2_ws/build/planar_2r_kinematics/build install --record /home/gargi-das/Documents/robotics_playground/ros2_ws/build/planar_2r_kinematics/install.log --install-scripts $base/lib/planar_2r_kinematics --single-version-externally-managed install_data
[0.880s] running egg_info
[0.880s] creating ../../build/planar_2r_kinematics/planar_2r_kinematics.egg-info
[0.893s] writing ../../build/planar_2r_kinematics/planar_2r_kinematics.egg-info/PKG-INFO
[0.893s] writing dependency_links to ../../build/planar_2r_kinematics/planar_2r_kinematics.egg-info/dependency_links.txt
[0.894s] writing entry points to ../../build/planar_2r_kinematics/planar_2r_kinematics.egg-info/entry_points.txt
[0.894s] writing requirements to ../../build/planar_2r_kinematics/planar_2r_kinematics.egg-info/requires.txt
[0.894s] writing top-level names to ../../build/planar_2r_kinematics/planar_2r_kinematics.egg-info/top_level.txt
[0.894s] writing manifest file '../../build/planar_2r_kinematics/planar_2r_kinematics.egg-info/SOURCES.txt'
[0.921s] reading manifest file '../../build/planar_2r_kinematics/planar_2r_kinematics.egg-info/SOURCES.txt'
[0.921s] writing manifest file '../../build/planar_2r_kinematics/planar_2r_kinematics.egg-info/SOURCES.txt'
[0.921s] running build
[0.921s] running build_py
[0.922s] creating /home/gargi-das/Documents/robotics_playground/ros2_ws/build/planar_2r_kinematics/build
[0.922s] creating /home/gargi-das/Documents/robotics_playground/ros2_ws/build/planar_2r_kinematics/build/lib
[0.922s] creating /home/gargi-das/Documents/robotics_playground/ros2_ws/build/planar_2r_kinematics/build/lib/planar_2r_kinematics
[0.922s] copying planar_2r_kinematics/__init__.py -> /home/gargi-das/Documents/robotics_playground/ros2_ws/build/planar_2r_kinematics/build/lib/planar_2r_kinematics
[0.922s] copying planar_2r_kinematics/forward_kinematics_node.py -> /home/gargi-das/Documents/robotics_playground/ros2_ws/build/planar_2r_kinematics/build/lib/planar_2r_kinematics
[0.922s] running install
[0.927s] running install_lib
[0.940s] creating /home/gargi-das/Documents/robotics_playground/ros2_ws/install/planar_2r_kinematics/lib/python3.12/site-packages/planar_2r_kinematics
[0.941s] copying /home/gargi-das/Documents/robotics_playground/ros2_ws/build/planar_2r_kinematics/build/lib/planar_2r_kinematics/__init__.py -> /home/gargi-das/Documents/robotics_playground/ros2_ws/install/planar_2r_kinematics/lib/python3.12/site-packages/planar_2r_kinematics
[0.941s] copying /home/gargi-das/Documents/robotics_playground/ros2_ws/build/planar_2r_kinematics/build/lib/planar_2r_kinematics/forward_kinematics_node.py -> /home/gargi-das/Documents/robotics_playground/ros2_ws/install/planar_2r_kinematics/lib/python3.12/site-packages/planar_2r_kinematics
[0.941s] byte-compiling /home/gargi-das/Documents/robotics_playground/ros2_ws/install/planar_2r_kinematics/lib/python3.12/site-packages/planar_2r_kinematics/__init__.py to __init__.cpython-312.pyc
[0.941s] byte-compiling /home/gargi-das/Documents/robotics_playground/ros2_ws/install/planar_2r_kinematics/lib/python3.12/site-packages/planar_2r_kinematics/forward_kinematics_node.py to forward_kinematics_node.cpython-312.pyc
[0.941s] running install_data
[0.941s] creating /home/gargi-das/Documents/robotics_playground/ros2_ws/install/planar_2r_kinematics/share/ament_index
[0.942s] creating /home/gargi-das/Documents/robotics_playground/ros2_ws/install/planar_2r_kinematics/share/ament_index/resource_index
[0.942s] creating /home/gargi-das/Documents/robotics_playground/ros2_ws/install/planar_2r_kinematics/share/ament_index/resource_index/packages
[0.942s] copying resource/planar_2r_kinematics -> /home/gargi-das/Documents/robotics_playground/ros2_ws/install/planar_2r_kinematics/share/ament_index/resource_index/packages
[0.942s] copying package.xml -> /home/gargi-das/Documents/robotics_playground/ros2_ws/install/planar_2r_kinematics/share/planar_2r_kinematics
[0.942s] running install_egg_info
[0.956s] Copying ../../build/planar_2r_kinematics/planar_2r_kinematics.egg-info to /home/gargi-das/Documents/robotics_playground/ros2_ws/install/planar_2r_kinematics/lib/python3.12/site-packages/planar_2r_kinematics-0.0.0-py3.12.egg-info
[0.956s] running install_scripts
[1.044s] Installing forward_kinematics script to /home/gargi-das/Documents/robotics_playground/ros2_ws/install/planar_2r_kinematics/lib/planar_2r_kinematics
[1.044s] writing list of installed files to '/home/gargi-das/Documents/robotics_playground/ros2_ws/build/planar_2r_kinematics/install.log'
[1.065s] Invoked command in '/home/gargi-das/Documents/robotics_playground/ros2_ws/src/planar_2r_kinematics' returned '0': DEBUGINFOD_URLS=https://debuginfod.ubuntu.com PYTHONPATH=/home/gargi-das/Documents/robotics_playground/ros2_ws/build/planar_2r_kinematics/prefix_override:/usr/lib/python3/dist-packages/colcon_core/task/python/colcon_distutils_commands:/home/gargi-das/Documents/robotics_playground/ros2_ws/install/planar_2r_kinematics/lib/python3.12/site-packages:${PYTHONPATH} /usr/bin/python3 -W ignore:setup.py install is deprecated -W ignore:easy_install command is deprecated setup.py egg_info --egg-base ../../build/planar_2r_kinematics build --build-base /home/gargi-das/Documents/robotics_playground/ros2_ws/build/planar_2r_kinematics/build install --record /home/gargi-das/Documents/robotics_playground/ros2_ws/build/planar_2r_kinematics/install.log --install-scripts $base/lib/planar_2r_kinematics --single-version-externally-managed install_data
