/home/gargi-das/Documents/robotics_playground/ros2_ws/install/planar_2r_kinematics/lib/python3.12/site-packages/planar_2r_kinematics/jacobian_validation_node.py
/home/gargi-das/Documents/robotics_playground/ros2_ws/install/planar_2r_kinematics/lib/python3.12/site-packages/planar_2r_kinematics/__init__.py
/home/gargi-das/Documents/robotics_playground/ros2_ws/install/planar_2r_kinematics/lib/python3.12/site-packages/planar_2r_kinematics/jacobian_node.py
/home/gargi-das/Documents/robotics_playground/ros2_ws/install/planar_2r_kinematics/lib/python3.12/site-packages/planar_2r_kinematics/forward_kinematics_node.py
/home/gargi-das/Documents/robotics_playground/ros2_ws/install/planar_2r_kinematics/lib/python3.12/site-packages/planar_2r_kinematics/inverse_kinematics_node_with_one_sol.py
/home/gargi-das/Documents/robotics_playground/ros2_ws/install/planar_2r_kinematics/lib/python3.12/site-packages/planar_2r_kinematics/inverse_kinematics_node_elbow_up_and_down.py
/home/gargi-das/Documents/robotics_playground/ros2_ws/install/planar_2r_kinematics/lib/python3.12/site-packages/planar_2r_kinematics/trajectory_validation_node.py
/home/gargi-das/Documents/robotics_playground/ros2_ws/install/planar_2r_kinematics/lib/python3.12/site-packages/planar_2r_kinematics/inverse_kinematics_node.py
/home/gargi-das/Documents/robotics_playground/ros2_ws/install/planar_2r_kinematics/lib/python3.12/site-packages/planar_2r_kinematics/__pycache__/jacobian_validation_node.cpython-312.pyc
/home/gargi-das/Documents/robotics_playground/ros2_ws/install/planar_2r_kinematics/lib/python3.12/site-packages/planar_2r_kinematics/__pycache__/__init__.cpython-312.pyc
/home/gargi-das/Documents/robotics_playground/ros2_ws/install/planar_2r_kinematics/lib/python3.12/site-packages/planar_2r_kinematics/__pycache__/jacobian_node.cpython-312.pyc
/home/gargi-das/Documents/robotics_playground/ros2_ws/install/planar_2r_kinematics/lib/python3.12/site-packages/planar_2r_kinematics/__pycache__/forward_kinematics_node.cpython-312.pyc
/home/gargi-das/Documents/robotics_playground/ros2_ws/install/planar_2r_kinematics/lib/python3.12/site-packages/planar_2r_kinematics/__pycache__/inverse_kinematics_node_with_one_sol.cpython-312.pyc
/home/gargi-das/Documents/robotics_playground/ros2_ws/install/planar_2r_kinematics/lib/python3.12/site-packages/planar_2r_kinematics/__pycache__/inverse_kinematics_node_elbow_up_and_down.cpython-312.pyc
/home/gargi-das/Documents/robotics_playground/ros2_ws/install/planar_2r_kinematics/lib/python3.12/site-packages/planar_2r_kinematics/__pycache__/trajectory_validation_node.cpython-312.pyc
/home/gargi-das/Documents/robotics_playground/ros2_ws/install/planar_2r_kinematics/lib/python3.12/site-packages/planar_2r_kinematics/__pycache__/inverse_kinematics_node.cpython-312.pyc
/home/gargi-das/Documents/robotics_playground/ros2_ws/install/planar_2r_kinematics/share/ament_index/resource_index/packages/planar_2r_kinematics
/home/gargi-das/Documents/robotics_playground/ros2_ws/install/planar_2r_kinematics/share/planar_2r_kinematics/package.xml
/home/gargi-das/Documents/robotics_playground/ros2_ws/install/planar_2r_kinematics/lib/python3.12/site-packages/planar_2r_kinematics-0.0.0-py3.12.egg-info/entry_points.txt
/home/gargi-das/Documents/robotics_playground/ros2_ws/install/planar_2r_kinematics/lib/python3.12/site-packages/planar_2r_kinematics-0.0.0-py3.12.egg-info/PKG-INFO
/home/gargi-das/Documents/robotics_playground/ros2_ws/install/planar_2r_kinematics/lib/python3.12/site-packages/planar_2r_kinematics-0.0.0-py3.12.egg-info/zip-safe
/home/gargi-das/Documents/robotics_playground/ros2_ws/install/planar_2r_kinematics/lib/python3.12/site-packages/planar_2r_kinematics-0.0.0-py3.12.egg-info/SOURCES.txt
/home/gargi-das/Documents/robotics_playground/ros2_ws/install/planar_2r_kinematics/lib/python3.12/site-packages/planar_2r_kinematics-0.0.0-py3.12.egg-info/top_level.txt
/home/gargi-das/Documents/robotics_playground/ros2_ws/install/planar_2r_kinematics/lib/python3.12/site-packages/planar_2r_kinematics-0.0.0-py3.12.egg-info/dependency_links.txt
/home/gargi-das/Documents/robotics_playground/ros2_ws/install/planar_2r_kinematics/lib/python3.12/site-packages/planar_2r_kinematics-0.0.0-py3.12.egg-info/requires.txt
/home/gargi-das/Documents/robotics_playground/ros2_ws/install/planar_2r_kinematics/lib/planar_2r_kinematics/forward_kinematics
/home/gargi-das/Documents/robotics_playground/ros2_ws/install/planar_2r_kinematics/lib/planar_2r_kinematics/inverse_kinematics
/home/gargi-das/Documents/robotics_playground/ros2_ws/install/planar_2r_kinematics/lib/planar_2r_kinematics/jacobian
/home/gargi-das/Documents/robotics_playground/ros2_ws/install/planar_2r_kinematics/lib/planar_2r_kinematics/jacobian_validation
/home/gargi-das/Documents/robotics_playground/ros2_ws/install/planar_2r_kinematics/lib/planar_2r_kinematics/trajectory_validation
