[0.832s] Invoking command in '/home/gargi-das/Documents/robotics_playground/ros2_ws/src/planar_2r_kinematics': DEBUGINFOD_URLS=https://debuginfod.ubuntu.com PYTHONPATH=/home/gargi-das/Documents/robotics_playground/ros2_ws/build/planar_2r_kinematics/prefix_override:/usr/lib/python3/dist-packages/colcon_core/task/python/colcon_distutils_commands:/home/gargi-das/Documents/robotics_playground/ros2_ws/install/planar_2r_kinematics/lib/python3.12/site-packages:${PYTHONPATH} /usr/bin/python3 -W ignore:setup.py install is deprecated -W ignore:easy_install command is deprecated setup.py egg_info --egg-base ../../build/planar_2r_kinematics build --build-base /home/gargi-das/Documents/robotics_playground/ros2_ws/build/planar_2r_kinematics/build install --record /home/gargi-das/Documents/robotics_playground/ros2_ws/build/planar_2r_kinematics/install.log --install-scripts $base/lib/planar_2r_kinematics --single-version-externally-managed install_data
[1.019s] running egg_info
[1.032s] writing ../../build/planar_2r_kinematics/planar_2r_kinematics.egg-info/PKG-INFO
[1.033s] writing dependency_links to ../../build/planar_2r_kinematics/planar_2r_kinematics.egg-info/dependency_links.txt
[1.033s] writing entry points to ../../build/planar_2r_kinematics/planar_2r_kinematics.egg-info/entry_points.txt
[1.033s] writing requirements to ../../build/planar_2r_kinematics/planar_2r_kinematics.egg-info/requires.txt
[1.033s] writing top-level names to ../../build/planar_2r_kinematics/planar_2r_kinematics.egg-info/top_level.txt
[1.060s] reading manifest file '../../build/planar_2r_kinematics/planar_2r_kinematics.egg-info/SOURCES.txt'
[1.061s] writing manifest file '../../build/planar_2r_kinematics/planar_2r_kinematics.egg-info/SOURCES.txt'
[1.061s] running build
[1.061s] running build_py
[1.061s] copying planar_2r_kinematics/inverse_kinematics_node_elbow_up_and_down.py -> /home/gargi-das/Documents/robotics_playground/ros2_ws/build/planar_2r_kinematics/build/lib/planar_2r_kinematics
[1.061s] copying planar_2r_kinematics/inverse_kinematics_node.py -> /home/gargi-das/Documents/robotics_playground/ros2_ws/build/planar_2r_kinematics/build/lib/planar_2r_kinematics
[1.061s] running install
[1.066s] running install_lib
[1.080s] copying /home/gargi-das/Documents/robotics_playground/ros2_ws/build/planar_2r_kinematics/build/lib/planar_2r_kinematics/inverse_kinematics_node_elbow_up_and_down.py -> /home/gargi-das/Documents/robotics_playground/ros2_ws/install/planar_2r_kinematics/lib/python3.12/site-packages/planar_2r_kinematics
[1.080s] copying /home/gargi-das/Documents/robotics_playground/ros2_ws/build/planar_2r_kinematics/build/lib/planar_2r_kinematics/inverse_kinematics_node.py -> /home/gargi-das/Documents/robotics_playground/ros2_ws/install/planar_2r_kinematics/lib/python3.12/site-packages/planar_2r_kinematics
[1.080s] byte-compiling /home/gargi-das/Documents/robotics_playground/ros2_ws/install/planar_2r_kinematics/lib/python3.12/site-packages/planar_2r_kinematics/inverse_kinematics_node_elbow_up_and_down.py to inverse_kinematics_node_elbow_up_and_down.cpython-312.pyc
[1.082s] byte-compiling /home/gargi-das/Documents/robotics_playground/ros2_ws/install/planar_2r_kinematics/lib/python3.12/site-packages/planar_2r_kinematics/inverse_kinematics_node.py to inverse_kinematics_node.cpython-312.pyc
[1.083s] running install_data
[1.083s] running install_egg_info
[1.097s] removing '/home/gargi-das/Documents/robotics_playground/ros2_ws/install/planar_2r_kinematics/lib/python3.12/site-packages/planar_2r_kinematics-0.0.0-py3.12.egg-info' (and everything under it)
[1.097s] Copying ../../build/planar_2r_kinematics/planar_2r_kinematics.egg-info to /home/gargi-das/Documents/robotics_playground/ros2_ws/install/planar_2r_kinematics/lib/python3.12/site-packages/planar_2r_kinematics-0.0.0-py3.12.egg-info
[1.097s] running install_scripts
[1.186s] Installing forward_kinematics script to /home/gargi-das/Documents/robotics_playground/ros2_ws/install/planar_2r_kinematics/lib/planar_2r_kinematics
[1.187s] Installing inverse_kinematics script to /home/gargi-das/Documents/robotics_playground/ros2_ws/install/planar_2r_kinematics/lib/planar_2r_kinematics
[1.187s] writing list of installed files to '/home/gargi-das/Documents/robotics_playground/ros2_ws/build/planar_2r_kinematics/install.log'
[1.216s] Invoked command in '/home/gargi-das/Documents/robotics_playground/ros2_ws/src/planar_2r_kinematics' returned '0': DEBUGINFOD_URLS=https://debuginfod.ubuntu.com PYTHONPATH=/home/gargi-das/Documents/robotics_playground/ros2_ws/build/planar_2r_kinematics/prefix_override:/usr/lib/python3/dist-packages/colcon_core/task/python/colcon_distutils_commands:/home/gargi-das/Documents/robotics_playground/ros2_ws/install/planar_2r_kinematics/lib/python3.12/site-packages:${PYTHONPATH} /usr/bin/python3 -W ignore:setup.py install is deprecated -W ignore:easy_install command is deprecated setup.py egg_info --egg-base ../../build/planar_2r_kinematics build --build-base /home/gargi-das/Documents/robotics_playground/ros2_ws/build/planar_2r_kinematics/build install --record /home/gargi-das/Documents/robotics_playground/ros2_ws/build/planar_2r_kinematics/install.log --install-scripts $base/lib/planar_2r_kinematics --single-version-externally-managed install_data
