-- Found ament_cmake: 2.5.6 (/opt/ros/jazzy/share/ament_cmake/cmake)
-- Found ament_lint_auto: 0.17.5 (/opt/ros/jazzy/share/ament_lint_auto/cmake)
-- Added test 'flake8' to check Python code syntax and style conventions
-- Configured 'flake8' exclude dirs and/or files: 
-- Added test 'lint_cmake' to check CMake code style
-- Added test 'pep257' to check Python code against some of the docstring style conventions in PEP 257
-- Added test 'xmllint' to check XML markup files
-- Configuring done (0.3s)
-- Generating done (0.0s)
-- Build files have been written to: /home/gargi-das/Documents/robotics_playground/ros2_ws/build/planar_2r_description
-- Install configuration: ""
-- Up-to-date: /home/gargi-das/Documents/robotics_playground/ros2_ws/install/planar_2r_description/share/planar_2r_description/launch
-- Up-to-date: /home/gargi-das/Documents/robotics_playground/ros2_ws/install/planar_2r_description/share/planar_2r_description/launch/display.launch.py
-- Up-to-date: /home/gargi-das/Documents/robotics_playground/ros2_ws/install/planar_2r_description/share/planar_2r_description/rviz
-- Up-to-date: /home/gargi-das/Documents/robotics_playground/ros2_ws/install/planar_2r_description/share/planar_2r_description/rviz/planar_2r.rviz
-- Up-to-date: /home/gargi-das/Documents/robotics_playground/ros2_ws/install/planar_2r_description/share/planar_2r_description/urdf
-- Up-to-date: /home/gargi-das/Documents/robotics_playground/ros2_ws/install/planar_2r_description/share/planar_2r_description/urdf/joints.xacro
-- Up-to-date: /home/gargi-das/Documents/robotics_playground/ros2_ws/install/planar_2r_description/share/planar_2r_description/urdf/planar_2r.urdf.xacro
-- Up-to-date: /home/gargi-das/Documents/robotics_playground/ros2_ws/install/planar_2r_description/share/planar_2r_description/urdf/properties.xacro
-- Up-to-date: /home/gargi-das/Documents/robotics_playground/ros2_ws/install/planar_2r_description/share/planar_2r_description/urdf/materials.xacro
-- Up-to-date: /home/gargi-das/Documents/robotics_playground/ros2_ws/install/planar_2r_description/share/planar_2r_description/urdf/links.xacro
-- Up-to-date: /home/gargi-das/Documents/robotics_playground/ros2_ws/install/planar_2r_description/share/ament_index/resource_index/package_run_dependencies/planar_2r_description
-- Installing: /home/gargi-das/Documents/robotics_playground/ros2_ws/install/planar_2r_description/share/ament_index/resource_index/parent_prefix_path/planar_2r_description
-- Up-to-date: /home/gargi-das/Documents/robotics_playground/ros2_ws/install/planar_2r_description/share/planar_2r_description/environment/ament_prefix_path.sh
-- Up-to-date: /home/gargi-das/Documents/robotics_playground/ros2_ws/install/planar_2r_description/share/planar_2r_description/environment/ament_prefix_path.dsv
-- Up-to-date: /home/gargi-das/Documents/robotics_playground/ros2_ws/install/planar_2r_description/share/planar_2r_description/environment/path.sh
-- Up-to-date: /home/gargi-das/Documents/robotics_playground/ros2_ws/install/planar_2r_description/share/planar_2r_description/environment/path.dsv
-- Up-to-date: /home/gargi-das/Documents/robotics_playground/ros2_ws/install/planar_2r_description/share/planar_2r_description/local_setup.bash
-- Up-to-date: /home/gargi-das/Documents/robotics_playground/ros2_ws/install/planar_2r_description/share/planar_2r_description/local_setup.sh
-- Up-to-date: /home/gargi-das/Documents/robotics_playground/ros2_ws/install/planar_2r_description/share/planar_2r_description/local_setup.zsh
-- Up-to-date: /home/gargi-das/Documents/robotics_playground/ros2_ws/install/planar_2r_description/share/planar_2r_description/local_setup.dsv
-- Installing: /home/gargi-das/Documents/robotics_playground/ros2_ws/install/planar_2r_description/share/planar_2r_description/package.dsv
-- Up-to-date: /home/gargi-das/Documents/robotics_playground/ros2_ws/install/planar_2r_description/share/ament_index/resource_index/packages/planar_2r_description
-- Up-to-date: /home/gargi-das/Documents/robotics_playground/ros2_ws/install/planar_2r_description/share/planar_2r_description/cmake/planar_2r_descriptionConfig.cmake
-- Up-to-date: /home/gargi-das/Documents/robotics_playground/ros2_ws/install/planar_2r_description/share/planar_2r_description/cmake/planar_2r_descriptionConfig-version.cmake
-- Up-to-date: /home/gargi-das/Documents/robotics_playground/ros2_ws/install/planar_2r_description/share/planar_2r_description/package.xml
