[0.007s] Invoking command in '/home/gargi-das/Documents/robotics_playground/ros2_ws/build/planar_2r_description': CMAKE_PREFIX_PATH=${CMAKE_PREFIX_PATH}:/home/gargi-das/Documents/robotics_playground/ros2_ws/install/planar_2r_kinematics:/opt/ros/jazzy DEBUGINFOD_URLS=https://debuginfod.ubuntu.com /usr/bin/cmake --build /home/gargi-das/Documents/robotics_playground/ros2_ws/build/planar_2r_description -- -j8 -l8
[0.034s] -- Found ament_cmake: 2.5.6 (/opt/ros/jazzy/share/ament_cmake/cmake)
[0.215s] -- Found ament_lint_auto: 0.17.5 (/opt/ros/jazzy/share/ament_lint_auto/cmake)
[0.294s] -- Added test 'flake8' to check Python code syntax and style conventions
[0.294s] -- Configured 'flake8' exclude dirs and/or files: 
[0.294s] -- Added test 'lint_cmake' to check CMake code style
[0.295s] -- Added test 'pep257' to check Python code against some of the docstring style conventions in PEP 257
[0.296s] -- Added test 'xmllint' to check XML markup files
[0.299s] -- Configuring done (0.3s)
[0.308s] -- Generating done (0.0s)
[0.309s] -- Build files have been written to: /home/gargi-das/Documents/robotics_playground/ros2_ws/build/planar_2r_description
[0.325s] Invoked command in '/home/gargi-das/Documents/robotics_playground/ros2_ws/build/planar_2r_description' returned '0': CMAKE_PREFIX_PATH=${CMAKE_PREFIX_PATH}:/home/gargi-das/Documents/robotics_playground/ros2_ws/install/planar_2r_kinematics:/opt/ros/jazzy DEBUGINFOD_URLS=https://debuginfod.ubuntu.com /usr/bin/cmake --build /home/gargi-das/Documents/robotics_playground/ros2_ws/build/planar_2r_description -- -j8 -l8
[0.333s] Invoking command in '/home/gargi-das/Documents/robotics_playground/ros2_ws/build/planar_2r_description': CMAKE_PREFIX_PATH=${CMAKE_PREFIX_PATH}:/home/gargi-das/Documents/robotics_playground/ros2_ws/install/planar_2r_kinematics:/opt/ros/jazzy DEBUGINFOD_URLS=https://debuginfod.ubuntu.com /usr/bin/cmake --install /home/gargi-das/Documents/robotics_playground/ros2_ws/build/planar_2r_description
[0.341s] -- Install configuration: ""
[0.341s] -- Up-to-date: /home/gargi-das/Documents/robotics_playground/ros2_ws/install/planar_2r_description/share/planar_2r_description/launch
[0.341s] -- Up-to-date: /home/gargi-das/Documents/robotics_playground/ros2_ws/install/planar_2r_description/share/planar_2r_description/launch/display.launch.py
[0.341s] -- Up-to-date: /home/gargi-das/Documents/robotics_playground/ros2_ws/install/planar_2r_description/share/planar_2r_description/rviz
[0.341s] -- Up-to-date: /home/gargi-das/Documents/robotics_playground/ros2_ws/install/planar_2r_description/share/planar_2r_description/rviz/planar_2r.rviz
[0.341s] -- Up-to-date: /home/gargi-das/Documents/robotics_playground/ros2_ws/install/planar_2r_description/share/planar_2r_description/urdf
[0.341s] -- Up-to-date: /home/gargi-das/Documents/robotics_playground/ros2_ws/install/planar_2r_description/share/planar_2r_description/urdf/joints.xacro
[0.341s] -- Up-to-date: /home/gargi-das/Documents/robotics_playground/ros2_ws/install/planar_2r_description/share/planar_2r_description/urdf/planar_2r.urdf.xacro
[0.342s] -- Up-to-date: /home/gargi-das/Documents/robotics_playground/ros2_ws/install/planar_2r_description/share/planar_2r_description/urdf/properties.xacro
[0.342s] -- Up-to-date: /home/gargi-das/Documents/robotics_playground/ros2_ws/install/planar_2r_description/share/planar_2r_description/urdf/materials.xacro
[0.342s] -- Up-to-date: /home/gargi-das/Documents/robotics_playground/ros2_ws/install/planar_2r_description/share/planar_2r_description/urdf/links.xacro
[0.342s] -- Up-to-date: /home/gargi-das/Documents/robotics_playground/ros2_ws/install/planar_2r_description/share/ament_index/resource_index/package_run_dependencies/planar_2r_description
[0.342s] -- Installing: /home/gargi-das/Documents/robotics_playground/ros2_ws/install/planar_2r_description/share/ament_index/resource_index/parent_prefix_path/planar_2r_description
[0.342s] -- Up-to-date: /home/gargi-das/Documents/robotics_playground/ros2_ws/install/planar_2r_description/share/planar_2r_description/environment/ament_prefix_path.sh
[0.342s] -- Up-to-date: /home/gargi-das/Documents/robotics_playground/ros2_ws/install/planar_2r_description/share/planar_2r_description/environment/ament_prefix_path.dsv
[0.342s] -- Up-to-date: /home/gargi-das/Documents/robotics_playground/ros2_ws/install/planar_2r_description/share/planar_2r_description/environment/path.sh
[0.342s] -- Up-to-date: /home/gargi-das/Documents/robotics_playground/ros2_ws/install/planar_2r_description/share/planar_2r_description/environment/path.dsv
[0.342s] -- Up-to-date: /home/gargi-das/Documents/robotics_playground/ros2_ws/install/planar_2r_description/share/planar_2r_description/local_setup.bash
[0.342s] -- Up-to-date: /home/gargi-das/Documents/robotics_playground/ros2_ws/install/planar_2r_description/share/planar_2r_description/local_setup.sh
[0.342s] -- Up-to-date: /home/gargi-das/Documents/robotics_playground/ros2_ws/install/planar_2r_description/share/planar_2r_description/local_setup.zsh
[0.342s] -- Up-to-date: /home/gargi-das/Documents/robotics_playground/ros2_ws/install/planar_2r_description/share/planar_2r_description/local_setup.dsv
[0.342s] -- Installing: /home/gargi-das/Documents/robotics_playground/ros2_ws/install/planar_2r_description/share/planar_2r_description/package.dsv
[0.342s] -- Up-to-date: /home/gargi-das/Documents/robotics_playground/ros2_ws/install/planar_2r_description/share/ament_index/resource_index/packages/planar_2r_description
[0.343s] -- Up-to-date: /home/gargi-das/Documents/robotics_playground/ros2_ws/install/planar_2r_description/share/planar_2r_description/cmake/planar_2r_descriptionConfig.cmake
[0.343s] -- Up-to-date: /home/gargi-das/Documents/robotics_playground/ros2_ws/install/planar_2r_description/share/planar_2r_description/cmake/planar_2r_descriptionConfig-version.cmake
[0.343s] -- Up-to-date: /home/gargi-das/Documents/robotics_playground/ros2_ws/install/planar_2r_description/share/planar_2r_description/package.xml
[0.343s] Invoked command in '/home/gargi-das/Documents/robotics_playground/ros2_ws/build/planar_2r_description' returned '0': CMAKE_PREFIX_PATH=${CMAKE_PREFIX_PATH}:/home/gargi-das/Documents/robotics_playground/ros2_ws/install/planar_2r_kinematics:/opt/ros/jazzy DEBUGINFOD_URLS=https://debuginfod.ubuntu.com /usr/bin/cmake --install /home/gargi-das/Documents/robotics_playground/ros2_ws/build/planar_2r_description
